{"level":"info","message":"Health check OK","service":"acquisition-api","timestamp":"2026-08-19 06:41:53"}
{"level":"info","message":"::1 - - [19/Aug/2026:06:41:53 +0000] \"GET /health HTTP/1.1\" 200 29 \"-\" \"-\"","service":"acquisition-api","timestamp":"2026-08-19 06:41:53"}
{"level":"info","message":"Health check OK","service":"acquisition-api","timestamp":"2026-08-19 06:42:24"}
{"level":"info","message":"::1 - - [19/Aug/2026:06:42:24 +0000] \"GET /health HTTP/1.1\" 200 29 \"-\" \"-\"","service":"acquisition-api","timestamp":"2026-08-19 06:42:24"}
{"level":"info","message":"Health check OK","service":"acquisition-api","timestamp":"2026-08-19 06:42:54"}
{"level":"info","message":"::1 - - [19/Aug/2026:06:42:54 +0000] \"GET /health HTTP/1.1\" 200 29 \"-\" \"-\"","service":"acquisition-api","timestamp":"2026-08-19 06:42:54"}
{"level":"info","message":"Health check OK","service":"acquisition-api","timestamp":"2026-08-19 06:43:25"}
{"level":"info","message":"::1 - - [19/Aug/2026:06:43:25 +0000] \"GET /health HTTP/1.1\" 200 29 \"-\" \"-\"","service":"acquisition-api","timestamp":"2026-08-19 06:43:25"}
{"level":"info","message":"Health check OK","service":"acquisition-api","timestamp":"2026-08-19 06:43:55"}
{"level":"info","message":"::1 - - [19/Aug/2026:06:43:55 +0000] \"GET /health HTTP/1.1\" 200 29 \"-\" \"-\"","service":"acquisition-api","timestamp":"2026-08-19 06:43:55"}
{"level":"info","message":"Health check OK","service":"acquisition-api","timestamp":"2026-08-19 06:44:25"}
{"level":"info","message":"::1 - - [19/Aug/2026:06:44:25 +0000] \"GET /health HTTP/1.1\" 200 29 \"-\" \"-\"","service":"acquisition-api","timestamp":"2026-08-19 06:44:25"}
{"level":"info","message":"Health check OK","service":"acquisition-api","timestamp":"2026-08-19 06:44:56"}
{"level":"info","message":"::1 - - [19/Aug/2026:06:44:56 +0000] \"GET /health HTTP/1.1\" 200 29 \"-\" \"-\"","service":"acquisition-api","timestamp":"2026-08-19 06:44:56"}
{"level":"info","message":"Health check OK","service":"acquisition-api","timestamp":"2026-08-19 06:45:26"}
{"level":"info","message":"::1 - - [19/Aug/2026:06:45:26 +0000] \"GET /health HTTP/1.1\" 200 29 \"-\" \"-\"","service":"acquisition-api","timestamp":"2026-08-19 06:45:26"}
{"level":"info","message":"Health check OK","service":"acquisition-api","timestamp":"2026-08-19 06:45:56"}
{"level":"info","message":"::1 - - [19/Aug/2026:06:45:56 +0000] \"GET /health HTTP/1.1\" 200 29 \"-\" \"-\"","service":"acquisition-api","timestamp":"2026-08-19 06:45:56"}
{"level":"info","message":"Health check OK","service":"acquisition-api","timestamp":"2026-08-19 06:46:27"}
{"level":"info","message":"::1 - - [19/Aug/2026:06:46:27 +0000] \"GET /health HTTP/1.1\" 200 29 \"-\" \"-\"","service":"acquisition-api","timestamp":"2026-08-19 06:46:27"}
{"level":"info","message":"Health check OK","service":"acquisition-api","timestamp":"2026-08-19 06:46:57"}
{"level":"info","message":"::1 - - [19/Aug/2026:06:46:57 +0000] \"GET /health HTTP/1.1\" 200 29 \"-\" \"-\"","service":"acquisition-api","timestamp":"2026-08-19 06:46:57"}
{"level":"info","message":"Hello from acquisition API","service":"acquisition-api","timestamp":"2026-08-19 06:47:06"}
{"level":"info","message":"::ffff:172.18.0.1 - - [19/Aug/2026:06:47:06 +0000] \"GET / HTTP/1.1\" 200 40 \"-\" \"Mozilla/5.0 (Windows NT 10.0; Win64; x64) AppleWebKit/537.36 (KHTML, like Gecko) Chrome/151.0.0.0 Safari/537.36\"","service":"acquisition-api","timestamp":"2026-08-19 06:47:06"}
{"level":"info","message":"::ffff:172.18.0.1 - - [19/Aug/2026:06:47:07 +0000] \"GET /favicon.ico HTTP/1.1\" 404 150 \"-\" \"Mozilla/5.0 (Windows NT 10.0; Win64; x64) AppleWebKit/537.36 (KHTML, like Gecko) Chrome/151.0.0.0 Safari/537.36\"","service":"acquisition-api","timestamp":"2026-08-19 06:47:07"}
{"level":"info","message":"Health check OK","service":"acquisition-api","timestamp":"2026-08-19 06:47:23"}
{"level":"info","message":"::ffff:172.18.0.1 - - [19/Aug/2026:06:47:23 +0000] \"GET /health HTTP/1.1\" 200 29 \"-\" \"Mozilla/5.0 (Windows NT 10.0; Win64; x64) AppleWebKit/537.36 (KHTML, like Gecko) Chrome/151.0.0.0 Safari/537.36\"","service":"acquisition-api","timestamp":"2026-08-19 06:47:23"}
{"level":"info","message":"Health check OK","service":"acquisition-api","timestamp":"2026-08-19 06:47:27"}
{"level":"info","message":"::1 - - [19/Aug/2026:06:47:27 +0000] \"GET /health HTTP/1.1\" 200 29 \"-\" \"-\"","service":"acquisition-api","timestamp":"2026-08-19 06:47:27"}
{"level":"info","message":"Health check OK","service":"acquisition-api","timestamp":"2026-08-19 06:47:57"}
{"level":"info","message":"::1 - - [19/Aug/2026:06:47:57 +0000] \"GET /health HTTP/1.1\" 200 29 \"-\" \"-\"","service":"acquisition-api","timestamp":"2026-08-19 06:47:57"}
{"level":"info","message":"Health check OK","service":"acquisition-api","timestamp":"2026-08-19 06:48:28"}
{"level":"info","message":"::1 - - [19/Aug/2026:06:48:28 +0000] \"GET /health HTTP/1.1\" 200 29 \"-\" \"-\"","service":"acquisition-api","timestamp":"2026-08-19 06:48:28"}
{"level":"info","message":"Health check OK","service":"acquisition-api","timestamp":"2026-08-19 06:48:58"}
{"level":"info","message":"::1 - - [19/Aug/2026:06:48:58 +0000] \"GET /health HTTP/1.1\" 200 29 \"-\" \"-\"","service":"acquisition-api","timestamp":"2026-08-19 06:48:58"}
{"level":"info","message":"Health check OK","service":"acquisition-api","timestamp":"2026-08-19 06:49:28"}
{"level":"info","message":"::1 - - [19/Aug/2026:06:49:28 +0000] \"GET /health HTTP/1.1\" 200 29 \"-\" \"-\"","service":"acquisition-api","timestamp":"2026-08-19 06:49:28"}
{"ip":"::ffff:172.18.0.1","level":"warn","message":"Bot request blocked","path":"/api/auth/login","service":"acquisition-api","timestamp":"2026-08-19 06:49:54","userAgent":"PostmanRuntime/2.3.0"}
{"level":"info","message":"::ffff:172.18.0.1 - - [19/Aug/2026:06:49:54 +0000] \"POST /api/auth/login HTTP/1.1\" 403 68 \"-\" \"PostmanRuntime/2.3.0\"","service":"acquisition-api","timestamp":"2026-08-19 06:49:54"}
{"level":"info","message":"Health check OK","service":"acquisition-api","timestamp":"2026-08-19 06:49:59"}
{"level":"info","message":"::1 - - [19/Aug/2026:06:49:59 +0000] \"GET /health HTTP/1.1\" 200 29 \"-\" \"-\"","service":"acquisition-api","timestamp":"2026-08-19 06:49:59"}
{"level":"info","message":"Health check OK","service":"acquisition-api","timestamp":"2026-08-19 06:50:29"}
{"level":"info","message":"::1 - - [19/Aug/2026:06:50:29 +0000] \"GET /health HTTP/1.1\" 200 29 \"-\" \"-\"","service":"acquisition-api","timestamp":"2026-08-19 06:50:29"}
{"level":"info","message":"Health check OK","service":"acquisition-api","timestamp":"2026-08-19 06:50:59"}
{"level":"info","message":"::1 - - [19/Aug/2026:06:50:59 +0000] \"GET /health HTTP/1.1\" 200 29 \"-\" \"-\"","service":"acquisition-api","timestamp":"2026-08-19 06:50:59"}
{"level":"info","message":"Health check OK","service":"acquisition-api","timestamp":"2026-08-19 06:51:30"}
{"level":"info","message":"::1 - - [19/Aug/2026:06:51:30 +0000] \"GET /health HTTP/1.1\" 200 29 \"-\" \"-\"","service":"acquisition-api","timestamp":"2026-08-19 06:51:30"}
{"level":"info","message":"Health check OK","service":"acquisition-api","timestamp":"2026-08-19 06:52:00"}
{"level":"info","message":"::1 - - [19/Aug/2026:06:52:00 +0000] \"GET /health HTTP/1.1\" 200 29 \"-\" \"-\"","service":"acquisition-api","timestamp":"2026-08-19 06:52:00"}
{"level":"info","message":"Health check OK","service":"acquisition-api","timestamp":"2026-08-19 06:52:30"}
{"level":"info","message":"::1 - - [19/Aug/2026:06:52:30 +0000] \"GET /health HTTP/1.1\" 200 29 \"-\" \"-\"","service":"acquisition-api","timestamp":"2026-08-19 06:52:30"}
{"level":"info","message":"Health check OK","service":"acquisition-api","timestamp":"2026-08-19 06:53:01"}
{"level":"info","message":"::1 - - [19/Aug/2026:06:53:01 +0000] \"GET /health HTTP/1.1\" 200 29 \"-\" \"-\"","service":"acquisition-api","timestamp":"2026-08-19 06:53:01"}
{"level":"info","message":"Health check OK","service":"acquisition-api","timestamp":"2026-08-19 06:53:31"}
{"level":"info","message":"::1 - - [19/Aug/2026:06:53:31 +0000] \"GET /health HTTP/1.1\" 200 29 \"-\" \"-\"","service":"acquisition-api","timestamp":"2026-08-19 06:53:31"}
{"level":"info","message":"Health check OK","service":"acquisition-api","timestamp":"2026-08-19 06:54:02"}
{"level":"info","message":"::1 - - [19/Aug/2026:06:54:02 +0000] \"GET /health HTTP/1.1\" 200 29 \"-\" \"-\"","service":"acquisition-api","timestamp":"2026-08-19 06:54:02"}
{"level":"info","message":"Health check OK","service":"acquisition-api","timestamp":"2026-08-19 06:54:32"}
{"level":"info","message":"::1 - - [19/Aug/2026:06:54:32 +0000] \"GET /health HTTP/1.1\" 200 29 \"-\" \"-\"","service":"acquisition-api","timestamp":"2026-08-19 06:54:32"}
{"ip":"::ffff:172.18.0.1","level":"warn","message":"Bot request blocked","path":"/api/auth/login","service":"acquisition-api","timestamp":"2026-08-19 06:54:49","userAgent":"PostmanRuntime/2.3.0"}
{"level":"info","message":"::ffff:172.18.0.1 - - [19/Aug/2026:06:54:49 +0000] \"POST /api/auth/login HTTP/1.1\" 403 68 \"-\" \"PostmanRuntime/2.3.0\"","service":"acquisition-api","timestamp":"2026-08-19 06:54:49"}
{"level":"info","message":"Health check OK","service":"acquisition-api","timestamp":"2026-08-19 06:55:02"}
{"level":"info","message":"::1 - - [19/Aug/2026:06:55:02 +0000] \"GET /health HTTP/1.1\" 200 29 \"-\" \"-\"","service":"acquisition-api","timestamp":"2026-08-19 06:55:02"}
{"level":"info","message":"Health check OK","service":"acquisition-api","timestamp":"2026-08-19 06:55:33"}
{"level":"info","message":"::1 - - [19/Aug/2026:06:55:33 +0000] \"GET /health HTTP/1.1\" 200 29 \"-\" \"-\"","service":"acquisition-api","timestamp":"2026-08-19 06:55:33"}
{"level":"info","message":"Health check OK","service":"acquisition-api","timestamp":"2026-08-19 06:56:03"}
{"level":"info","message":"::1 - - [19/Aug/2026:06:56:03 +0000] \"GET /health HTTP/1.1\" 200 29 \"-\" \"-\"","service":"acquisition-api","timestamp":"2026-08-19 06:56:03"}
{"level":"info","message":"Health check OK","service":"acquisition-api","timestamp":"2026-08-19 06:56:33"}
{"level":"info","message":"::1 - - [19/Aug/2026:06:56:33 +0000] \"GET /health HTTP/1.1\" 200 29 \"-\" \"-\"","service":"acquisition-api","timestamp":"2026-08-19 06:56:33"}
{"ip":"::ffff:172.18.0.1","level":"warn","message":"Bot request blocked","path":"/api/auth/login","service":"acquisition-api","timestamp":"2026-08-19 06:56:57","userAgent":"PostmanRuntime/2.3.0"}
{"level":"info","message":"::ffff:172.18.0.1 - - [19/Aug/2026:06:56:57 +0000] \"POST /api/auth/login HTTP/1.1\" 403 68 \"-\" \"PostmanRuntime/2.3.0\"","service":"acquisition-api","timestamp":"2026-08-19 06:56:57"}
{"level":"info","message":"Health check OK","service":"acquisition-api","timestamp":"2026-08-19 06:57:04"}
{"level":"info","message":"::1 - - [19/Aug/2026:06:57:04 +0000] \"GET /health HTTP/1.1\" 200 29 \"-\" \"-\"","service":"acquisition-api","timestamp":"2026-08-19 06:57:04"}
{"level":"info","message":"Health check OK","service":"acquisition-api","timestamp":"2026-08-19 06:57:34"}
{"level":"info","message":"::1 - - [19/Aug/2026:06:57:34 +0000] \"GET /health HTTP/1.1\" 200 29 \"-\" \"-\"","service":"acquisition-api","timestamp":"2026-08-19 06:57:34"}
{"level":"info","message":"Health check OK","service":"acquisition-api","timestamp":"2026-08-19 06:58:04"}
{"level":"info","message":"::1 - - [19/Aug/2026:06:58:04 +0000] \"GET /health HTTP/1.1\" 200 29 \"-\" \"-\"","service":"acquisition-api","timestamp":"2026-08-19 06:58:04"}
{"level":"info","message":"Health check OK","service":"acquisition-api","timestamp":"2026-08-19 06:58:35"}
{"level":"info","message":"::1 - - [19/Aug/2026:06:58:35 +0000] \"GET /health HTTP/1.1\" 200 29 \"-\" \"-\"","service":"acquisition-api","timestamp":"2026-08-19 06:58:35"}
{"level":"info","message":"Health check OK","service":"acquisition-api","timestamp":"2026-08-19 06:59:05"}
{"level":"info","message":"::1 - - [19/Aug/2026:06:59:05 +0000] \"GET /health HTTP/1.1\" 200 29 \"-\" \"-\"","service":"acquisition-api","timestamp":"2026-08-19 06:59:05"}
{"level":"info","message":"Health check OK","service":"acquisition-api","timestamp":"2026-08-19 06:59:36"}
{"level":"info","message":"::1 - - [19/Aug/2026:06:59:36 +0000] \"GET /health HTTP/1.1\" 200 29 \"-\" \"-\"","service":"acquisition-api","timestamp":"2026-08-19 06:59:36"}
{"level":"info","message":"Health check OK","service":"acquisition-api","timestamp":"2026-08-19 07:00:06"}
{"level":"info","message":"::1 - - [19/Aug/2026:07:00:06 +0000] \"GET /health HTTP/1.1\" 200 29 \"-\" \"-\"","service":"acquisition-api","timestamp":"2026-08-19 07:00:06"}
{"level":"info","message":"Health check OK","service":"acquisition-api","timestamp":"2026-08-19 07:00:37"}
{"level":"info","message":"::1 - - [19/Aug/2026:07:00:37 +0000] \"GET /health HTTP/1.1\" 200 29 \"-\" \"-\"","service":"acquisition-api","timestamp":"2026-08-19 07:00:37"}
{"level":"info","message":"Health check OK","service":"acquisition-api","timestamp":"2026-08-19 07:01:07"}
{"level":"info","message":"::1 - - [19/Aug/2026:07:01:07 +0000] \"GET /health HTTP/1.1\" 200 29 \"-\" \"-\"","service":"acquisition-api","timestamp":"2026-08-19 07:01:07"}
{"level":"info","message":"Health check OK","service":"acquisition-api","timestamp":"2026-08-19 07:01:38"}
{"level":"info","message":"::1 - - [19/Aug/2026:07:01:38 +0000] \"GET /health HTTP/1.1\" 200 29 \"-\" \"-\"","service":"acquisition-api","timestamp":"2026-08-19 07:01:38"}
{"level":"info","message":"Health check OK","service":"acquisition-api","timestamp":"2026-08-19 07:02:08"}
{"level":"info","message":"::1 - - [19/Aug/2026:07:02:08 +0000] \"GET /health HTTP/1.1\" 200 29 \"-\" \"-\"","service":"acquisition-api","timestamp":"2026-08-19 07:02:08"}
{"ip":"::ffff:172.18.0.1","level":"warn","message":"Bot request blocked","path":"/api/auth/login","service":"acquisition-api","timestamp":"2026-08-19 07:02:12","userAgent":"PostmanRuntime/2.3.0"}
{"level":"info","message":"::ffff:172.18.0.1 - - [19/Aug/2026:07:02:12 +0000] \"POST /api/auth/login HTTP/1.1\" 403 68 \"-\" \"PostmanRuntime/2.3.0\"","service":"acquisition-api","timestamp":"2026-08-19 07:02:12"}
{"level":"info","message":"Health check OK","service":"acquisition-api","timestamp":"2026-08-19 07:02:38"}
{"level":"info","message":"::1 - - [19/Aug/2026:07:02:38 +0000] \"GET /health HTTP/1.1\" 200 29 \"-\" \"-\"","service":"acquisition-api","timestamp":"2026-08-19 07:02:38"}
{"level":"info","message":"Health check OK","service":"acquisition-api","timestamp":"2026-08-19 07:03:09"}
{"level":"info","message":"::1 - - [19/Aug/2026:07:03:09 +0000] \"GET /health HTTP/1.1\" 200 29 \"-\" \"-\"","service":"acquisition-api","timestamp":"2026-08-19 07:03:09"}
{"level":"info","message":"Health check OK","service":"acquisition-api","timestamp":"2026-08-19 07:03:39"}
{"level":"info","message":"::1 - - [19/Aug/2026:07:03:39 +0000] \"GET /health HTTP/1.1\" 200 29 \"-\" \"-\"","service":"acquisition-api","timestamp":"2026-08-19 07:03:39"}
{"level":"info","message":"Health check OK","service":"acquisition-api","timestamp":"2026-08-19 07:04:10"}
{"level":"info","message":"::1 - - [19/Aug/2026:07:04:10 +0000] \"GET /health HTTP/1.1\" 200 29 \"-\" \"-\"","service":"acquisition-api","timestamp":"2026-08-19 07:04:10"}
{"level":"info","message":"Health check OK","service":"acquisition-api","timestamp":"2026-08-19 07:04:40"}
{"level":"info","message":"::1 - - [19/Aug/2026:07:04:40 +0000] \"GET /health HTTP/1.1\" 200 29 \"-\" \"-\"","service":"acquisition-api","timestamp":"2026-08-19 07:04:40"}
{"level":"info","message":"Health check OK","service":"acquisition-api","timestamp":"2026-08-19 07:05:11"}
{"level":"info","message":"::1 - - [19/Aug/2026:07:05:11 +0000] \"GET /health HTTP/1.1\" 200 29 \"-\" \"-\"","service":"acquisition-api","timestamp":"2026-08-19 07:05:11"}
{"level":"info","message":"Health check OK","service":"acquisition-api","timestamp":"2026-08-19 07:05:42"}
{"level":"info","message":"::1 - - [19/Aug/2026:07:05:42 +0000] \"GET /health HTTP/1.1\" 200 29 \"-\" \"-\"","service":"acquisition-api","timestamp":"2026-08-19 07:05:42"}
{"level":"info","message":"Health check OK","service":"acquisition-api","timestamp":"2026-08-19 07:06:12"}
{"level":"info","message":"::1 - - [19/Aug/2026:07:06:12 +0000] \"GET /health HTTP/1.1\" 200 29 \"-\" \"-\"","service":"acquisition-api","timestamp":"2026-08-19 07:06:12"}
{"level":"info","message":"Health check OK","service":"acquisition-api","timestamp":"2026-08-19 07:06:43"}
{"level":"info","message":"::1 - - [19/Aug/2026:07:06:43 +0000] \"GET /health HTTP/1.1\" 200 29 \"-\" \"-\"","service":"acquisition-api","timestamp":"2026-08-19 07:06:43"}
{"level":"info","message":"Health check OK","service":"acquisition-api","timestamp":"2026-08-19 07:07:13"}
{"level":"info","message":"::1 - - [19/Aug/2026:07:07:13 +0000] \"GET /health HTTP/1.1\" 200 29 \"-\" \"-\"","service":"acquisition-api","timestamp":"2026-08-19 07:07:13"}
{"level":"info","message":"Health check OK","service":"acquisition-api","timestamp":"2026-08-19 07:07:44"}
{"level":"info","message":"::1 - - [19/Aug/2026:07:07:44 +0000] \"GET /health HTTP/1.1\" 200 29 \"-\" \"-\"","service":"acquisition-api","timestamp":"2026-08-19 07:07:44"}
{"level":"info","message":"Health check OK","service":"acquisition-api","timestamp":"2026-08-19 07:08:14"}
{"level":"info","message":"::1 - - [19/Aug/2026:07:08:14 +0000] \"GET /health HTTP/1.1\" 200 29 \"-\" \"-\"","service":"acquisition-api","timestamp":"2026-08-19 07:08:14"}
{"level":"info","message":"Health check OK","service":"acquisition-api","timestamp":"2026-08-19 07:08:44"}
{"level":"info","message":"::1 - - [19/Aug/2026:07:08:44 +0000] \"GET /health HTTP/1.1\" 200 29 \"-\" \"-\"","service":"acquisition-api","timestamp":"2026-08-19 07:08:44"}
{"level":"info","message":"Health check OK","service":"acquisition-api","timestamp":"2026-08-19 07:09:15"}
{"level":"info","message":"::1 - - [19/Aug/2026:07:09:15 +0000] \"GET /health HTTP/1.1\" 200 29 \"-\" \"-\"","service":"acquisition-api","timestamp":"2026-08-19 07:09:15"}
{"level":"info","message":"Health check OK","service":"acquisition-api","timestamp":"2026-08-19 07:09:45"}
{"level":"info","message":"::1 - - [19/Aug/2026:07:09:45 +0000] \"GET /health HTTP/1.1\" 200 29 \"-\" \"-\"","service":"acquisition-api","timestamp":"2026-08-19 07:09:45"}
{"level":"info","message":"Health check OK","service":"acquisition-api","timestamp":"2026-08-19 07:10:15"}
{"level":"info","message":"::1 - - [19/Aug/2026:07:10:16 +0000] \"GET /health HTTP/1.1\" 200 29 \"-\" \"-\"","service":"acquisition-api","timestamp":"2026-08-19 07:10:16"}
{"level":"info","message":"Health check OK","service":"acquisition-api","timestamp":"2026-08-19 07:10:46"}
{"level":"info","message":"::1 - - [19/Aug/2026:07:10:46 +0000] \"GET /health HTTP/1.1\" 200 29 \"-\" \"-\"","service":"acquisition-api","timestamp":"2026-08-19 07:10:46"}
{"ip":"::ffff:172.18.0.1","level":"warn","message":"Bot request blocked","path":"/api/auth/logout","service":"acquisition-api","timestamp":"2026-08-19 07:10:50","userAgent":"PostmanRuntime/2.3.0"}
{"level":"info","message":"::ffff:172.18.0.1 - - [19/Aug/2026:07:10:50 +0000] \"POST /api/auth/logout HTTP/1.1\" 403 68 \"-\" \"PostmanRuntime/2.3.0\"","service":"acquisition-api","timestamp":"2026-08-19 07:10:50"}
{"ip":"::ffff:172.18.0.1","level":"warn","message":"Bot request blocked","path":"/api/auth/login","service":"acquisition-api","timestamp":"2026-08-19 07:10:55","userAgent":"PostmanRuntime/2.3.0"}
{"level":"info","message":"::ffff:172.18.0.1 - - [19/Aug/2026:07:10:55 +0000] \"POST /api/auth/login HTTP/1.1\" 403 68 \"-\" \"PostmanRuntime/2.3.0\"","service":"acquisition-api","timestamp":"2026-08-19 07:10:55"}
{"level":"info","message":"Health check OK","service":"acquisition-api","timestamp":"2026-08-19 07:13:47"}
{"level":"info","message":"::1 - - [19/Aug/2026:07:13:47 +0000] \"GET /health HTTP/1.1\" 200 29 \"-\" \"-\"","service":"acquisition-api","timestamp":"2026-08-19 07:13:47"}
{"level":"info","message":"User one@gmail.com logged in successfully","service":"acquisition-api","timestamp":"2026-08-19 07:13:59"}
{"level":"info","message":"::ffff:172.18.0.1 - - [19/Aug/2026:07:13:59 +0000] \"POST /api/auth/login HTTP/1.1\" 200 143 \"-\" \"PostmanRuntime/2.3.0\"","service":"acquisition-api","timestamp":"2026-08-19 07:13:59"}
{"level":"info","message":"Health check OK","service":"acquisition-api","timestamp":"2026-08-19 07:14:18"}
{"level":"info","message":"::1 - - [19/Aug/2026:07:14:18 +0000] \"GET /health HTTP/1.1\" 200 29 \"-\" \"-\"","service":"acquisition-api","timestamp":"2026-08-19 07:14:18"}
{"level":"info","message":"Health check OK","service":"acquisition-api","timestamp":"2026-08-19 07:14:48"}
{"level":"info","message":"::1 - - [19/Aug/2026:07:14:48 +0000] \"GET /health HTTP/1.1\" 200 29 \"-\" \"-\"","service":"acquisition-api","timestamp":"2026-08-19 07:14:48"}
{"level":"info","message":"Health check OK","service":"acquisition-api","timestamp":"2026-08-19 07:15:19"}
{"level":"info","message":"::1 - - [19/Aug/2026:07:15:19 +0000] \"GET /health HTTP/1.1\" 200 29 \"-\" \"-\"","service":"acquisition-api","timestamp":"2026-08-19 07:15:19"}
{"level":"info","message":"User two@gmail.com signed up successfully","service":"acquisition-api","timestamp":"2026-08-19 07:15:40"}
{"level":"info","message":"::ffff:172.18.0.1 - - [19/Aug/2026:07:15:40 +0000] \"POST /api/auth/signup HTTP/1.1\" 201 147 \"-\" \"PostmanRuntime/2.3.0\"","service":"acquisition-api","timestamp":"2026-08-19 07:15:40"}
{"level":"info","message":"Health check OK","service":"acquisition-api","timestamp":"2026-08-19 07:15:49"}
{"level":"info","message":"::1 - - [19/Aug/2026:07:15:49 +0000] \"GET /health HTTP/1.1\" 200 29 \"-\" \"-\"","service":"acquisition-api","timestamp":"2026-08-19 07:15:49"}
{"level":"info","message":"Health check OK","service":"acquisition-api","timestamp":"2026-08-19 07:16:20"}
{"level":"info","message":"::1 - - [19/Aug/2026:07:16:20 +0000] \"GET /health HTTP/1.1\" 200 29 \"-\" \"-\"","service":"acquisition-api","timestamp":"2026-08-19 07:16:20"}
{"level":"info","message":"Health check OK","service":"acquisition-api","timestamp":"2026-08-19 07:16:50"}
{"level":"info","message":"::1 - - [19/Aug/2026:07:16:50 +0000] \"GET /health HTTP/1.1\" 200 29 \"-\" \"-\"","service":"acquisition-api","timestamp":"2026-08-19 07:16:50"}
{"level":"info","message":"Health check OK","service":"acquisition-api","timestamp":"2026-08-19 07:17:21"}
{"level":"info","message":"::1 - - [19/Aug/2026:07:17:21 +0000] \"GET /health HTTP/1.1\" 200 29 \"-\" \"-\"","service":"acquisition-api","timestamp":"2026-08-19 07:17:21"}
{"level":"info","message":"Health check OK","service":"acquisition-api","timestamp":"2026-08-19 07:17:51"}
{"level":"info","message":"::1 - - [19/Aug/2026:07:17:51 +0000] \"GET /health HTTP/1.1\" 200 29 \"-\" \"-\"","service":"acquisition-api","timestamp":"2026-08-19 07:17:51"}
{"level":"info","message":"Health check OK","service":"acquisition-api","timestamp":"2026-08-19 07:18:22"}
{"level":"info","message":"::1 - - [19/Aug/2026:07:18:22 +0000] \"GET /health HTTP/1.1\" 200 29 \"-\" \"-\"","service":"acquisition-api","timestamp":"2026-08-19 07:18:22"}
{"level":"info","message":"Health check OK","service":"acquisition-api","timestamp":"2026-08-19 07:18:52"}
{"level":"info","message":"::1 - - [19/Aug/2026:07:18:52 +0000] \"GET /health HTTP/1.1\" 200 29 \"-\" \"-\"","service":"acquisition-api","timestamp":"2026-08-19 07:18:52"}
{"level":"info","message":"Health check OK","service":"acquisition-api","timestamp":"2026-08-19 07:19:23"}
{"level":"info","message":"::1 - - [19/Aug/2026:07:19:23 +0000] \"GET /health HTTP/1.1\" 200 29 \"-\" \"-\"","service":"acquisition-api","timestamp":"2026-08-19 07:19:23"}
{"level":"info","message":"Health check OK","service":"acquisition-api","timestamp":"2026-08-19 07:19:53"}
{"level":"info","message":"::1 - - [19/Aug/2026:07:19:53 +0000] \"GET /health HTTP/1.1\" 200 29 \"-\" \"-\"","service":"acquisition-api","timestamp":"2026-08-19 07:19:53"}
{"level":"info","message":"Health check OK","service":"acquisition-api","timestamp":"2026-08-19 07:20:24"}
{"level":"info","message":"::1 - - [19/Aug/2026:07:20:24 +0000] \"GET /health HTTP/1.1\" 200 29 \"-\" \"-\"","service":"acquisition-api","timestamp":"2026-08-19 07:20:24"}
{"level":"info","message":"Health check OK","service":"acquisition-api","timestamp":"2026-08-19 07:20:54"}
{"level":"info","message":"::1 - - [19/Aug/2026:07:20:54 +0000] \"GET /health HTTP/1.1\" 200 29 \"-\" \"-\"","service":"acquisition-api","timestamp":"2026-08-19 07:20:54"}
{"level":"info","message":"Health check OK","service":"acquisition-api","timestamp":"2026-08-19 07:21:25"}
{"level":"info","message":"::1 - - [19/Aug/2026:07:21:25 +0000] \"GET /health HTTP/1.1\" 200 29 \"-\" \"-\"","service":"acquisition-api","timestamp":"2026-08-19 07:21:25"}
{"level":"info","message":"Health check OK","service":"acquisition-api","timestamp":"2026-08-19 07:21:55"}
{"level":"info","message":"::1 - - [19/Aug/2026:07:21:55 +0000] \"GET /health HTTP/1.1\" 200 29 \"-\" \"-\"","service":"acquisition-api","timestamp":"2026-08-19 07:21:55"}
{"level":"info","message":"Health check OK","service":"acquisition-api","timestamp":"2026-08-19 07:22:26"}
{"level":"info","message":"::1 - - [19/Aug/2026:07:22:26 +0000] \"GET /health HTTP/1.1\" 200 29 \"-\" \"-\"","service":"acquisition-api","timestamp":"2026-08-19 07:22:26"}
{"level":"info","message":"Health check OK","service":"acquisition-api","timestamp":"2026-08-19 07:22:56"}
{"level":"info","message":"::1 - - [19/Aug/2026:07:22:56 +0000] \"GET /health HTTP/1.1\" 200 29 \"-\" \"-\"","service":"acquisition-api","timestamp":"2026-08-19 07:22:56"}
{"level":"info","message":"Health check OK","service":"acquisition-api","timestamp":"2026-08-19 07:23:26"}
{"level":"info","message":"::1 - - [19/Aug/2026:07:23:26 +0000] \"GET /health HTTP/1.1\" 200 29 \"-\" \"-\"","service":"acquisition-api","timestamp":"2026-08-19 07:23:26"}
{"level":"info","message":"Health check OK","service":"acquisition-api","timestamp":"2026-08-19 07:23:57"}
{"level":"info","message":"::1 - - [19/Aug/2026:07:23:57 +0000] \"GET /health HTTP/1.1\" 200 29 \"-\" \"-\"","service":"acquisition-api","timestamp":"2026-08-19 07:23:57"}
{"level":"info","message":"Health check OK","service":"acquisition-api","timestamp":"2026-08-19 07:24:28"}
{"level":"info","message":"::1 - - [19/Aug/2026:07:24:28 +0000] \"GET /health HTTP/1.1\" 200 29 \"-\" \"-\"","service":"acquisition-api","timestamp":"2026-08-19 07:24:28"}
{"level":"info","message":"Health check OK","service":"acquisition-api","timestamp":"2026-08-19 07:24:58"}
{"level":"info","message":"::1 - - [19/Aug/2026:07:24:58 +0000] \"GET /health HTTP/1.1\" 200 29 \"-\" \"-\"","service":"acquisition-api","timestamp":"2026-08-19 07:24:58"}
{"level":"info","message":"Health check OK","service":"acquisition-api","timestamp":"2026-08-19 07:25:28"}
{"level":"info","message":"::1 - - [19/Aug/2026:07:25:28 +0000] \"GET /health HTTP/1.1\" 200 29 \"-\" \"-\"","service":"acquisition-api","timestamp":"2026-08-19 07:25:28"}
{"level":"info","message":"Health check OK","service":"acquisition-api","timestamp":"2026-08-19 07:25:59"}
{"level":"info","message":"::1 - - [19/Aug/2026:07:25:59 +0000] \"GET /health HTTP/1.1\" 200 29 \"-\" \"-\"","service":"acquisition-api","timestamp":"2026-08-19 07:25:59"}
{"level":"info","message":"Health check OK","service":"acquisition-api","timestamp":"2026-08-19 07:26:29"}
{"level":"info","message":"::1 - - [19/Aug/2026:07:26:29 +0000] \"GET /health HTTP/1.1\" 200 29 \"-\" \"-\"","service":"acquisition-api","timestamp":"2026-08-19 07:26:29"}
{"level":"info","message":"Health check OK","service":"acquisition-api","timestamp":"2026-08-19 07:27:00"}
{"level":"info","message":"::1 - - [19/Aug/2026:07:27:00 +0000] \"GET /health HTTP/1.1\" 200 29 \"-\" \"-\"","service":"acquisition-api","timestamp":"2026-08-19 07:27:00"}
{"level":"info","message":"Health check OK","service":"acquisition-api","timestamp":"2026-08-19 07:27:30"}
{"level":"info","message":"::1 - - [19/Aug/2026:07:27:30 +0000] \"GET /health HTTP/1.1\" 200 29 \"-\" \"-\"","service":"acquisition-api","timestamp":"2026-08-19 07:27:30"}
{"level":"info","message":"Health check OK","service":"acquisition-api","timestamp":"2026-08-19 07:28:01"}
{"level":"info","message":"::1 - - [19/Aug/2026:07:28:01 +0000] \"GET /health HTTP/1.1\" 200 29 \"-\" \"-\"","service":"acquisition-api","timestamp":"2026-08-19 07:28:01"}
{"level":"info","message":"Health check OK","service":"acquisition-api","timestamp":"2026-08-19 07:28:31"}
{"level":"info","message":"::1 - - [19/Aug/2026:07:28:31 +0000] \"GET /health HTTP/1.1\" 200 29 \"-\" \"-\"","service":"acquisition-api","timestamp":"2026-08-19 07:28:31"}
{"level":"info","message":"Health check OK","service":"acquisition-api","timestamp":"2026-08-19 07:29:02"}
{"level":"info","message":"::1 - - [19/Aug/2026:07:29:02 +0000] \"GET /health HTTP/1.1\" 200 29 \"-\" \"-\"","service":"acquisition-api","timestamp":"2026-08-19 07:29:02"}
{"level":"info","message":"Health check OK","service":"acquisition-api","timestamp":"2026-08-19 07:29:33"}
{"level":"info","message":"::1 - - [19/Aug/2026:07:29:33 +0000] \"GET /health HTTP/1.1\" 200 29 \"-\" \"-\"","service":"acquisition-api","timestamp":"2026-08-19 07:29:33"}
{"level":"info","message":"Health check OK","service":"acquisition-api","timestamp":"2026-08-19 07:30:03"}
{"level":"info","message":"::1 - - [19/Aug/2026:07:30:03 +0000] \"GET /health HTTP/1.1\" 200 29 \"-\" \"-\"","service":"acquisition-api","timestamp":"2026-08-19 07:30:03"}
{"level":"info","message":"Health check OK","service":"acquisition-api","timestamp":"2026-08-19 07:30:34"}
{"level":"info","message":"::1 - - [19/Aug/2026:07:30:34 +0000] \"GET /health HTTP/1.1\" 200 29 \"-\" \"-\"","service":"acquisition-api","timestamp":"2026-08-19 07:30:34"}
{"level":"info","message":"Health check OK","service":"acquisition-api","timestamp":"2026-08-19 07:31:05"}
{"level":"info","message":"::1 - - [19/Aug/2026:07:31:05 +0000] \"GET /health HTTP/1.1\" 200 29 \"-\" \"-\"","service":"acquisition-api","timestamp":"2026-08-19 07:31:05"}
{"level":"info","message":"Health check OK","service":"acquisition-api","timestamp":"2026-08-19 07:32:59"}
{"level":"info","message":"::1 - - [19/Aug/2026:07:32:59 +0000] \"GET /health HTTP/1.1\" 200 29 \"-\" \"-\"","service":"acquisition-api","timestamp":"2026-08-19 07:32:59"}
{"level":"info","message":"Health check OK","service":"acquisition-api","timestamp":"2026-08-19 07:33:30"}
{"level":"info","message":"::1 - - [19/Aug/2026:07:33:30 +0000] \"GET /health HTTP/1.1\" 200 29 \"-\" \"-\"","service":"acquisition-api","timestamp":"2026-08-19 07:33:30"}
{"level":"info","message":"Health check OK","service":"acquisition-api","timestamp":"2026-08-19 07:34:00"}
{"level":"info","message":"::1 - - [19/Aug/2026:07:34:00 +0000] \"GET /health HTTP/1.1\" 200 29 \"-\" \"-\"","service":"acquisition-api","timestamp":"2026-08-19 07:34:00"}
{"level":"info","message":"Health check OK","service":"acquisition-api","timestamp":"2026-08-19 07:34:31"}
{"level":"info","message":"::1 - - [19/Aug/2026:07:34:31 +0000] \"GET /health HTTP/1.1\" 200 29 \"-\" \"-\"","service":"acquisition-api","timestamp":"2026-08-19 07:34:31"}
{"cause":{"name":"NeonDbError","sourceError":{}},"level":"error","message":"Sign up error:  Failed query: select \"id\", \"name\", \"email\", \"password\", \"role\", \"created_at\", \"updated_at\" from \"users\" where \"users\".\"email\" = $1 limit $2\nparams: two@gmail.com,1","params":["two@gmail.com",1],"query":"select \"id\", \"name\", \"email\", \"password\", \"role\", \"created_at\", \"updated_at\" from \"users\" where \"users\".\"email\" = $1 limit $2","service":"acquisition-api","stack":"Error: Failed query: select \"id\", \"name\", \"email\", \"password\", \"role\", \"created_at\", \"updated_at\" from \"users\" where \"users\".\"email\" = $1 limit $2\nparams: two@gmail.com,1\n    at NeonHttpPreparedQuery.queryWithCache (file:///app/node_modules/drizzle-orm/pg-core/session.js:41:15)\n    at process.processTicksAndRejections (node:internal/process/task_queues:95:5)\n    at async NeonHttpPreparedQuery.execute (file:///app/node_modules/drizzle-orm/neon-http/session.js:45:20)\n    at async signup (file:///app/src/controllers/auth.controller.js:23:20)","timestamp":"2026-08-19 07:34:39"}
{"level":"info","message":"::ffff:172.18.0.1 - - [19/Aug/2026:07:34:39 +0000] \"POST /api/auth/signup HTTP/1.1\" 500 826 \"-\" \"PostmanRuntime/2.3.0\"","service":"acquisition-api","timestamp":"2026-08-19 07:34:39"}
{"level":"info","message":"Health check OK","service":"acquisition-api","timestamp":"2026-08-19 07:35:01"}
{"level":"info","message":"::1 - - [19/Aug/2026:07:35:01 +0000] \"GET /health HTTP/1.1\" 200 29 \"-\" \"-\"","service":"acquisition-api","timestamp":"2026-08-19 07:35:01"}
{"level":"info","message":"Health check OK","service":"acquisition-api","timestamp":"2026-08-19 07:35:32"}
{"level":"info","message":"::1 - - [19/Aug/2026:07:35:32 +0000] \"GET /health HTTP/1.1\" 200 29 \"-\" \"-\"","service":"acquisition-api","timestamp":"2026-08-19 07:35:32"}
{"level":"info","message":"Health check OK","service":"acquisition-api","timestamp":"2026-08-19 07:36:02"}
{"level":"info","message":"::1 - - [19/Aug/2026:07:36:02 +0000] \"GET /health HTTP/1.1\" 200 29 \"-\" \"-\"","service":"acquisition-api","timestamp":"2026-08-19 07:36:02"}
{"level":"info","message":"Health check OK","service":"acquisition-api","timestamp":"2026-08-19 07:36:33"}
{"level":"info","message":"::1 - - [19/Aug/2026:07:36:33 +0000] \"GET /health HTTP/1.1\" 200 29 \"-\" \"-\"","service":"acquisition-api","timestamp":"2026-08-19 07:36:33"}
{"level":"info","message":"Health check OK","service":"acquisition-api","timestamp":"2026-08-19 07:37:03"}
{"level":"info","message":"::1 - - [19/Aug/2026:07:37:03 +0000] \"GET /health HTTP/1.1\" 200 29 \"-\" \"-\"","service":"acquisition-api","timestamp":"2026-08-19 07:37:03"}
{"level":"info","message":"Health check OK","service":"acquisition-api","timestamp":"2026-08-19 07:37:34"}
{"level":"info","message":"::1 - - [19/Aug/2026:07:37:34 +0000] \"GET /health HTTP/1.1\" 200 29 \"-\" \"-\"","service":"acquisition-api","timestamp":"2026-08-19 07:37:34"}
{"level":"info","message":"Health check OK","service":"acquisition-api","timestamp":"2026-08-19 07:38:05"}
{"level":"info","message":"::1 - - [19/Aug/2026:07:38:05 +0000] \"GET /health HTTP/1.1\" 200 29 \"-\" \"-\"","service":"acquisition-api","timestamp":"2026-08-19 07:38:05"}
{"level":"info","message":"Health check OK","service":"acquisition-api","timestamp":"2026-08-19 07:38:35"}
{"level":"info","message":"::1 - - [19/Aug/2026:07:38:35 +0000] \"GET /health HTTP/1.1\" 200 29 \"-\" \"-\"","service":"acquisition-api","timestamp":"2026-08-19 07:38:35"}
{"level":"info","message":"Health check OK","service":"acquisition-api","timestamp":"2026-08-19 07:39:06"}
{"level":"info","message":"::1 - - [19/Aug/2026:07:39:06 +0000] \"GET /health HTTP/1.1\" 200 29 \"-\" \"-\"","service":"acquisition-api","timestamp":"2026-08-19 07:39:06"}
{"level":"info","message":"Health check OK","service":"acquisition-api","timestamp":"2026-08-19 07:39:36"}
{"level":"info","message":"::1 - - [19/Aug/2026:07:39:36 +0000] \"GET /health HTTP/1.1\" 200 29 \"-\" \"-\"","service":"acquisition-api","timestamp":"2026-08-19 07:39:36"}
{"level":"info","message":"Health check OK","service":"acquisition-api","timestamp":"2026-08-19 07:40:06"}
{"level":"info","message":"::1 - - [19/Aug/2026:07:40:06 +0000] \"GET /health HTTP/1.1\" 200 29 \"-\" \"-\"","service":"acquisition-api","timestamp":"2026-08-19 07:40:06"}
{"level":"info","message":"Health check OK","service":"acquisition-api","timestamp":"2026-08-19 07:40:37"}
{"level":"info","message":"::1 - - [19/Aug/2026:07:40:37 +0000] \"GET /health HTTP/1.1\" 200 29 \"-\" \"-\"","service":"acquisition-api","timestamp":"2026-08-19 07:40:37"}
{"cause":{"name":"NeonDbError","sourceError":{}},"level":"error","message":"Sign up error:  Failed query: select \"id\", \"name\", \"email\", \"password\", \"role\", \"created_at\", \"updated_at\" from \"users\" where \"users\".\"email\" = $1 limit $2\nparams: two@gmail.com,1","params":["two@gmail.com",1],"query":"select \"id\", \"name\", \"email\", \"password\", \"role\", \"created_at\", \"updated_at\" from \"users\" where \"users\".\"email\" = $1 limit $2","service":"acquisition-api","stack":"Error: Failed query: select \"id\", \"name\", \"email\", \"password\", \"role\", \"created_at\", \"updated_at\" from \"users\" where \"users\".\"email\" = $1 limit $2\nparams: two@gmail.com,1\n    at NeonHttpPreparedQuery.queryWithCache (file:///app/node_modules/drizzle-orm/pg-core/session.js:41:15)\n    at process.processTicksAndRejections (node:internal/process/task_queues:95:5)\n    at async NeonHttpPreparedQuery.execute (file:///app/node_modules/drizzle-orm/neon-http/session.js:45:20)\n    at async signup (file:///app/src/controllers/auth.controller.js:23:20)","timestamp":"2026-08-19 07:40:52"}
{"level":"info","message":"::ffff:172.18.0.1 - - [19/Aug/2026:07:40:52 +0000] \"POST /api/auth/signup HTTP/1.1\" 500 826 \"-\" \"PostmanRuntime/2.3.0\"","service":"acquisition-api","timestamp":"2026-08-19 07:40:52"}
{"level":"info","message":"Health check OK","service":"acquisition-api","timestamp":"2026-08-19 07:41:07"}
{"level":"info","message":"::1 - - [19/Aug/2026:07:41:07 +0000] \"GET /health HTTP/1.1\" 200 29 \"-\" \"-\"","service":"acquisition-api","timestamp":"2026-08-19 07:41:07"}
{"level":"info","message":"Hello from acquisition API","service":"acquisition-api","timestamp":"2026-08-19 07:41:16"}
{"level":"info","message":"::ffff:172.18.0.1 - - [19/Aug/2026:07:41:16 +0000] \"GET / HTTP/1.1\" 200 40 \"-\" \"Mozilla/5.0 (Windows NT 10.0; Win64; x64) AppleWebKit/537.36 (KHTML, like Gecko) Chrome/151.0.0.0 Safari/537.36\"","service":"acquisition-api","timestamp":"2026-08-19 07:41:16"}
{"level":"info","message":"Health check OK","service":"acquisition-api","timestamp":"2026-08-19 07:41:22"}
{"level":"info","message":"::ffff:172.18.0.1 - - [19/Aug/2026:07:41:22 +0000] \"GET /health HTTP/1.1\" 200 29 \"-\" \"Mozilla/5.0 (Windows NT 10.0; Win64; x64) AppleWebKit/537.36 (KHTML, like Gecko) Chrome/151.0.0.0 Safari/537.36\"","service":"acquisition-api","timestamp":"2026-08-19 07:41:22"}
{"level":"info","message":"Health check OK","service":"acquisition-api","timestamp":"2026-08-19 07:41:32"}
{"level":"info","message":"::ffff:172.18.0.1 - - [19/Aug/2026:07:41:32 +0000] \"GET /health HTTP/1.1\" 304 - \"-\" \"Mozilla/5.0 (Windows NT 10.0; Win64; x64) AppleWebKit/537.36 (KHTML, like Gecko) Chrome/151.0.0.0 Safari/537.36\"","service":"acquisition-api","timestamp":"2026-08-19 07:41:32"}
{"level":"info","message":"Health check OK","service":"acquisition-api","timestamp":"2026-08-19 07:41:34"}
{"level":"info","message":"::ffff:172.18.0.1 - - [19/Aug/2026:07:41:34 +0000] \"GET /health HTTP/1.1\" 304 - \"-\" \"Mozilla/5.0 (Windows NT 10.0; Win64; x64) AppleWebKit/537.36 (KHTML, like Gecko) Chrome/151.0.0.0 Safari/537.36\"","service":"acquisition-api","timestamp":"2026-08-19 07:41:34"}
{"level":"info","message":"Health check OK","service":"acquisition-api","timestamp":"2026-08-19 07:41:34"}
{"level":"info","message":"::ffff:172.18.0.1 - - [19/Aug/2026:07:41:34 +0000] \"GET /health HTTP/1.1\" 304 - \"-\" \"Mozilla/5.0 (Windows NT 10.0; Win64; x64) AppleWebKit/537.36 (KHTML, like Gecko) Chrome/151.0.0.0 Safari/537.36\"","service":"acquisition-api","timestamp":"2026-08-19 07:41:34"}
{"level":"info","message":"Health check OK","service":"acquisition-api","timestamp":"2026-08-19 07:41:38"}
{"level":"info","message":"::1 - - [19/Aug/2026:07:41:38 +0000] \"GET /health HTTP/1.1\" 200 29 \"-\" \"-\"","service":"acquisition-api","timestamp":"2026-08-19 07:41:38"}
{"level":"info","message":"Hello from acquisition API","service":"acquisition-api","timestamp":"2026-08-19 07:41:39"}
{"level":"info","message":"::ffff:172.18.0.1 - - [19/Aug/2026:07:41:39 +0000] \"GET / HTTP/1.1\" 304 - \"-\" \"Mozilla/5.0 (Windows NT 10.0; Win64; x64) AppleWebKit/537.36 (KHTML, like Gecko) Chrome/151.0.0.0 Safari/537.36\"","service":"acquisition-api","timestamp":"2026-08-19 07:41:39"}
{"level":"info","message":"Health check OK","service":"acquisition-api","timestamp":"2026-08-19 07:41:45"}
{"level":"info","message":"::ffff:172.18.0.1 - - [19/Aug/2026:07:41:45 +0000] \"GET /health HTTP/1.1\" 304 - \"-\" \"Mozilla/5.0 (Windows NT 10.0; Win64; x64) AppleWebKit/537.36 (KHTML, like Gecko) Chrome/151.0.0.0 Safari/537.36\"","service":"acquisition-api","timestamp":"2026-08-19 07:41:45"}
{"level":"info","message":"Health check noy OK","service":"acquisition-api","timestamp":"2026-08-19 07:43:41"}
{"level":"info","message":"::1 - - [19/Aug/2026:07:43:41 +0000] \"GET /health HTTP/1.1\" 200 29 \"-\" \"-\"","service":"acquisition-api","timestamp":"2026-08-19 07:43:41"}
{"level":"info","message":"Health check noy OK","service":"acquisition-api","timestamp":"2026-08-19 07:43:42"}
{"level":"info","message":"::ffff:172.18.0.1 - - [19/Aug/2026:07:43:42 +0000] \"GET /health HTTP/1.1\" 304 - \"-\" \"Mozilla/5.0 (Windows NT 10.0; Win64; x64) AppleWebKit/537.36 (KHTML, like Gecko) Chrome/151.0.0.0 Safari/537.36\"","service":"acquisition-api","timestamp":"2026-08-19 07:43:42"}
{"level":"info","message":"Health check noy OK","service":"acquisition-api","timestamp":"2026-08-19 07:43:46"}
{"level":"info","message":"::ffff:172.18.0.1 - - [19/Aug/2026:07:43:46 +0000] \"GET /health HTTP/1.1\" 304 - \"-\" \"Mozilla/5.0 (Windows NT 10.0; Win64; x64) AppleWebKit/537.36 (KHTML, like Gecko) Chrome/151.0.0.0 Safari/537.36\"","service":"acquisition-api","timestamp":"2026-08-19 07:43:46"}
{"level":"info","message":"Health check noy OK","service":"acquisition-api","timestamp":"2026-08-19 07:44:10"}
{"level":"info","message":"::ffff:172.18.0.1 - - [19/Aug/2026:07:44:10 +0000] \"GET /health HTTP/1.1\" 304 - \"-\" \"Mozilla/5.0 (Windows NT 10.0; Win64; x64) AppleWebKit/537.36 (KHTML, like Gecko) Chrome/151.0.0.0 Safari/537.36\"","service":"acquisition-api","timestamp":"2026-08-19 07:44:10"}
{"level":"info","message":"Health check noy OK","service":"acquisition-api","timestamp":"2026-08-19 07:44:12"}
{"level":"info","message":"::1 - - [19/Aug/2026:07:44:12 +0000] \"GET /health HTTP/1.1\" 200 29 \"-\" \"-\"","service":"acquisition-api","timestamp":"2026-08-19 07:44:12"}
{"cause":{"name":"NeonDbError","sourceError":{}},"level":"error","message":"Sign up error:  Failed query: select \"id\", \"name\", \"email\", \"password\", \"role\", \"created_at\", \"updated_at\" from \"users\" where \"users\".\"email\" = $1 limit $2\nparams: two@gmail.com,1","params":["two@gmail.com",1],"query":"select \"id\", \"name\", \"email\", \"password\", \"role\", \"created_at\", \"updated_at\" from \"users\" where \"users\".\"email\" = $1 limit $2","service":"acquisition-api","stack":"Error: Failed query: select \"id\", \"name\", \"email\", \"password\", \"role\", \"created_at\", \"updated_at\" from \"users\" where \"users\".\"email\" = $1 limit $2\nparams: two@gmail.com,1\n    at NeonHttpPreparedQuery.queryWithCache (file:///app/node_modules/drizzle-orm/pg-core/session.js:41:15)\n    at process.processTicksAndRejections (node:internal/process/task_queues:95:5)\n    at async NeonHttpPreparedQuery.execute (file:///app/node_modules/drizzle-orm/neon-http/session.js:45:20)\n    at async signup (file:///app/src/controllers/auth.controller.js:23:20)","timestamp":"2026-08-19 07:44:27"}
{"level":"info","message":"::ffff:172.18.0.1 - - [19/Aug/2026:07:44:27 +0000] \"POST /api/auth/signup HTTP/1.1\" 500 826 \"-\" \"PostmanRuntime/2.3.0\"","service":"acquisition-api","timestamp":"2026-08-19 07:44:27"}
{"level":"info","message":"Health check noy OK","service":"acquisition-api","timestamp":"2026-08-19 07:44:42"}
{"level":"info","message":"::1 - - [19/Aug/2026:07:44:42 +0000] \"GET /health HTTP/1.1\" 200 29 \"-\" \"-\"","service":"acquisition-api","timestamp":"2026-08-19 07:44:42"}
{"level":"info","message":"Health check noy OK","service":"acquisition-api","timestamp":"2026-08-19 07:45:12"}
{"level":"info","message":"::1 - - [19/Aug/2026:07:45:12 +0000] \"GET /health HTTP/1.1\" 200 29 \"-\" \"-\"","service":"acquisition-api","timestamp":"2026-08-19 07:45:12"}
{"level":"info","message":"Health check noy OK","service":"acquisition-api","timestamp":"2026-08-19 07:45:43"}
{"level":"info","message":"::1 - - [19/Aug/2026:07:45:43 +0000] \"GET /health HTTP/1.1\" 200 29 \"-\" \"-\"","service":"acquisition-api","timestamp":"2026-08-19 07:45:43"}
{"level":"info","message":"Health check noy OK","service":"acquisition-api","timestamp":"2026-08-19 07:45:48"}
{"level":"info","message":"::ffff:172.18.0.1 - - [19/Aug/2026:07:45:48 +0000] \"GET /health HTTP/1.1\" 304 - \"-\" \"Mozilla/5.0 (Windows NT 10.0; Win64; x64) AppleWebKit/537.36 (KHTML, like Gecko) Chrome/151.0.0.0 Safari/537.36\"","service":"acquisition-api","timestamp":"2026-08-19 07:45:48"}
{"level":"info","message":"Health check noy OK","service":"acquisition-api","timestamp":"2026-08-19 07:46:13"}
{"level":"info","message":"::1 - - [19/Aug/2026:07:46:13 +0000] \"GET /health HTTP/1.1\" 200 29 \"-\" \"-\"","service":"acquisition-api","timestamp":"2026-08-19 07:46:13"}
{"level":"info","message":"Health check noy OK","service":"acquisition-api","timestamp":"2026-08-19 07:46:44"}
{"level":"info","message":"::1 - - [19/Aug/2026:07:46:44 +0000] \"GET /health HTTP/1.1\" 200 29 \"-\" \"-\"","service":"acquisition-api","timestamp":"2026-08-19 07:46:44"}
{"level":"info","message":"Hello from acquisition API","service":"acquisition-api","timestamp":"2026-08-19 07:47:00"}
{"level":"info","message":"::ffff:172.18.0.1 - - [19/Aug/2026:07:47:00 +0000] \"GET / HTTP/1.1\" 304 - \"-\" \"Mozilla/5.0 (Windows NT 10.0; Win64; x64) AppleWebKit/537.36 (KHTML, like Gecko) Chrome/151.0.0.0 Safari/537.36\"","service":"acquisition-api","timestamp":"2026-08-19 07:47:00"}
{"level":"info","message":"Health check noy OK","service":"acquisition-api","timestamp":"2026-08-19 07:47:02"}
{"level":"info","message":"::ffff:172.18.0.1 - - [19/Aug/2026:07:47:02 +0000] \"GET /health HTTP/1.1\" 304 - \"-\" \"Mozilla/5.0 (Windows NT 10.0; Win64; x64) AppleWebKit/537.36 (KHTML, like Gecko) Chrome/151.0.0.0 Safari/537.36\"","service":"acquisition-api","timestamp":"2026-08-19 07:47:02"}
{"level":"info","message":"Health check noy OK","service":"acquisition-api","timestamp":"2026-08-19 07:47:04"}
{"level":"info","message":"::ffff:172.18.0.1 - - [19/Aug/2026:07:47:04 +0000] \"GET /health HTTP/1.1\" 304 - \"-\" \"Mozilla/5.0 (Windows NT 10.0; Win64; x64) AppleWebKit/537.36 (KHTML, like Gecko) Chrome/151.0.0.0 Safari/537.36\"","service":"acquisition-api","timestamp":"2026-08-19 07:47:04"}
{"level":"info","message":"Health check noy OK","service":"acquisition-api","timestamp":"2026-08-19 07:47:14"}
{"level":"info","message":"::1 - - [19/Aug/2026:07:47:14 +0000] \"GET /health HTTP/1.1\" 200 29 \"-\" \"-\"","service":"acquisition-api","timestamp":"2026-08-19 07:47:14"}
{"level":"info","message":"Health check noy OK","service":"acquisition-api","timestamp":"2026-08-19 07:47:45"}
{"level":"info","message":"::1 - - [19/Aug/2026:07:47:45 +0000] \"GET /health HTTP/1.1\" 200 29 \"-\" \"-\"","service":"acquisition-api","timestamp":"2026-08-19 07:47:45"}
{"level":"info","message":"Health check noy OK","service":"acquisition-api","timestamp":"2026-08-19 07:48:15"}
{"level":"info","message":"::1 - - [19/Aug/2026:07:48:15 +0000] \"GET /health HTTP/1.1\" 200 29 \"-\" \"-\"","service":"acquisition-api","timestamp":"2026-08-19 07:48:15"}
{"level":"info","message":"Health check noy OK","service":"acquisition-api","timestamp":"2026-08-19 07:48:46"}
{"level":"info","message":"::1 - - [19/Aug/2026:07:48:46 +0000] \"GET /health HTTP/1.1\" 200 29 \"-\" \"-\"","service":"acquisition-api","timestamp":"2026-08-19 07:48:46"}
{"cause":{"name":"NeonDbError","sourceError":{}},"level":"error","message":"Sign up error:  Failed query: select \"id\", \"name\", \"email\", \"password\", \"role\", \"created_at\", \"updated_at\" from \"users\" where \"users\".\"email\" = $1 limit $2\nparams: two@gmail.com,1","params":["two@gmail.com",1],"query":"select \"id\", \"name\", \"email\", \"password\", \"role\", \"created_at\", \"updated_at\" from \"users\" where \"users\".\"email\" = $1 limit $2","service":"acquisition-api","stack":"Error: Failed query: select \"id\", \"name\", \"email\", \"password\", \"role\", \"created_at\", \"updated_at\" from \"users\" where \"users\".\"email\" = $1 limit $2\nparams: two@gmail.com,1\n    at NeonHttpPreparedQuery.queryWithCache (file:///app/node_modules/drizzle-orm/pg-core/session.js:41:15)\n    at process.processTicksAndRejections (node:internal/process/task_queues:95:5)\n    at async NeonHttpPreparedQuery.execute (file:///app/node_modules/drizzle-orm/neon-http/session.js:45:20)\n    at async signup (file:///app/src/controllers/auth.controller.js:23:20)","timestamp":"2026-08-19 07:48:53"}
{"level":"info","message":"::ffff:172.18.0.1 - - [19/Aug/2026:07:48:53 +0000] \"POST /api/auth/signup HTTP/1.1\" 500 826 \"-\" \"PostmanRuntime/2.3.0\"","service":"acquisition-api","timestamp":"2026-08-19 07:48:53"}
{"level":"info","message":"Health check OK","service":"acquisition-api","timestamp":"2026-08-19 09:42:36"}
{"level":"info","message":"::1 - - [19/Aug/2026:09:42:36 +0000] \"GET /health HTTP/1.1\" 200 29 \"-\" \"-\"","service":"acquisition-api","timestamp":"2026-08-19 09:42:36"}
{"level":"info","message":"Health check OK","service":"acquisition-api","timestamp":"2026-08-19 09:43:06"}
{"level":"info","message":"::1 - - [19/Aug/2026:09:43:06 +0000] \"GET /health HTTP/1.1\" 200 29 \"-\" \"-\"","service":"acquisition-api","timestamp":"2026-08-19 09:43:06"}
{"level":"info","message":"Health check OK","service":"acquisition-api","timestamp":"2026-08-19 09:43:37"}
{"level":"info","message":"::1 - - [19/Aug/2026:09:43:37 +0000] \"GET /health HTTP/1.1\" 200 29 \"-\" \"-\"","service":"acquisition-api","timestamp":"2026-08-19 09:43:37"}
{"level":"info","message":"Health check OK","service":"acquisition-api","timestamp":"2026-08-19 09:44:08"}
{"level":"info","message":"::1 - - [19/Aug/2026:09:44:08 +0000] \"GET /health HTTP/1.1\" 200 29 \"-\" \"-\"","service":"acquisition-api","timestamp":"2026-08-19 09:44:08"}
{"level":"info","message":"Health check OK","service":"acquisition-api","timestamp":"2026-08-19 09:44:39"}
{"level":"info","message":"::1 - - [19/Aug/2026:09:44:39 +0000] \"GET /health HTTP/1.1\" 200 29 \"-\" \"-\"","service":"acquisition-api","timestamp":"2026-08-19 09:44:39"}
{"level":"info","message":"Health check OK","service":"acquisition-api","timestamp":"2026-08-19 09:45:09"}
{"level":"info","message":"::1 - - [19/Aug/2026:09:45:09 +0000] \"GET /health HTTP/1.1\" 200 29 \"-\" \"-\"","service":"acquisition-api","timestamp":"2026-08-19 09:45:09"}
{"level":"info","message":"Health check OK","service":"acquisition-api","timestamp":"2026-08-19 09:45:40"}
{"level":"info","message":"::1 - - [19/Aug/2026:09:45:40 +0000] \"GET /health HTTP/1.1\" 200 29 \"-\" \"-\"","service":"acquisition-api","timestamp":"2026-08-19 09:45:40"}
{"level":"info","message":"Health check OK","service":"acquisition-api","timestamp":"2026-08-19 09:46:10"}
{"level":"info","message":"::1 - - [19/Aug/2026:09:46:10 +0000] \"GET /health HTTP/1.1\" 200 29 \"-\" \"-\"","service":"acquisition-api","timestamp":"2026-08-19 09:46:10"}
{"level":"info","message":"Health check OK","service":"acquisition-api","timestamp":"2026-08-19 09:46:41"}
{"level":"info","message":"::1 - - [19/Aug/2026:09:46:41 +0000] \"GET /health HTTP/1.1\" 200 29 \"-\" \"-\"","service":"acquisition-api","timestamp":"2026-08-19 09:46:41"}
{"level":"info","message":"Health check OK","service":"acquisition-api","timestamp":"2026-08-19 09:47:12"}
{"level":"info","message":"::1 - - [19/Aug/2026:09:47:12 +0000] \"GET /health HTTP/1.1\" 200 29 \"-\" \"-\"","service":"acquisition-api","timestamp":"2026-08-19 09:47:12"}
{"level":"info","message":"Health check OK","service":"acquisition-api","timestamp":"2026-08-19 09:47:42"}
{"level":"info","message":"::1 - - [19/Aug/2026:09:47:42 +0000] \"GET /health HTTP/1.1\" 200 29 \"-\" \"-\"","service":"acquisition-api","timestamp":"2026-08-19 09:47:42"}
{"level":"info","message":"Health check OK","service":"acquisition-api","timestamp":"2026-08-19 09:48:13"}
{"level":"info","message":"::1 - - [19/Aug/2026:09:48:13 +0000] \"GET /health HTTP/1.1\" 200 29 \"-\" \"-\"","service":"acquisition-api","timestamp":"2026-08-19 09:48:13"}
{"level":"info","message":"Health check OK","service":"acquisition-api","timestamp":"2026-08-19 09:48:43"}
{"level":"info","message":"::1 - - [19/Aug/2026:09:48:43 +0000] \"GET /health HTTP/1.1\" 200 29 \"-\" \"-\"","service":"acquisition-api","timestamp":"2026-08-19 09:48:43"}
{"level":"info","message":"Health check OK","service":"acquisition-api","timestamp":"2026-08-19 09:49:14"}
{"level":"info","message":"::1 - - [19/Aug/2026:09:49:14 +0000] \"GET /health HTTP/1.1\" 200 29 \"-\" \"-\"","service":"acquisition-api","timestamp":"2026-08-19 09:49:14"}
{"level":"info","message":"Health check OK","service":"acquisition-api","timestamp":"2026-08-19 09:49:44"}
{"level":"info","message":"::1 - - [19/Aug/2026:09:49:44 +0000] \"GET /health HTTP/1.1\" 200 29 \"-\" \"-\"","service":"acquisition-api","timestamp":"2026-08-19 09:49:44"}
{"level":"info","message":"Health check OK","service":"acquisition-api","timestamp":"2026-08-19 09:50:15"}
{"level":"info","message":"::1 - - [19/Aug/2026:09:50:15 +0000] \"GET /health HTTP/1.1\" 200 29 \"-\" \"-\"","service":"acquisition-api","timestamp":"2026-08-19 09:50:15"}
{"level":"info","message":"Health check OK","service":"acquisition-api","timestamp":"2026-08-19 09:50:45"}
{"level":"info","message":"::1 - - [19/Aug/2026:09:50:45 +0000] \"GET /health HTTP/1.1\" 200 29 \"-\" \"-\"","service":"acquisition-api","timestamp":"2026-08-19 09:50:45"}
{"level":"info","message":"Health check OK","service":"acquisition-api","timestamp":"2026-08-19 09:51:16"}
{"level":"info","message":"::1 - - [19/Aug/2026:09:51:16 +0000] \"GET /health HTTP/1.1\" 200 29 \"-\" \"-\"","service":"acquisition-api","timestamp":"2026-08-19 09:51:16"}
{"level":"info","message":"Health check OK","service":"acquisition-api","timestamp":"2026-08-19 09:51:46"}
{"level":"info","message":"::1 - - [19/Aug/2026:09:51:46 +0000] \"GET /health HTTP/1.1\" 200 29 \"-\" \"-\"","service":"acquisition-api","timestamp":"2026-08-19 09:51:46"}
{"level":"info","message":"Health check OK","service":"acquisition-api","timestamp":"2026-08-19 09:52:17"}
{"level":"info","message":"::1 - - [19/Aug/2026:09:52:17 +0000] \"GET /health HTTP/1.1\" 200 29 \"-\" \"-\"","service":"acquisition-api","timestamp":"2026-08-19 09:52:17"}
{"level":"info","message":"Health check OK","service":"acquisition-api","timestamp":"2026-08-19 09:52:47"}
{"level":"info","message":"::1 - - [19/Aug/2026:09:52:47 +0000] \"GET /health HTTP/1.1\" 200 29 \"-\" \"-\"","service":"acquisition-api","timestamp":"2026-08-19 09:52:47"}
{"level":"info","message":"Health check OK","service":"acquisition-api","timestamp":"2026-08-19 09:53:18"}
{"level":"info","message":"::1 - - [19/Aug/2026:09:53:18 +0000] \"GET /health HTTP/1.1\" 200 29 \"-\" \"-\"","service":"acquisition-api","timestamp":"2026-08-19 09:53:18"}
{"level":"info","message":"Health check OK","service":"acquisition-api","timestamp":"2026-08-19 09:53:49"}
{"level":"info","message":"::1 - - [19/Aug/2026:09:53:49 +0000] \"GET /health HTTP/1.1\" 200 29 \"-\" \"-\"","service":"acquisition-api","timestamp":"2026-08-19 09:53:49"}
{"level":"info","message":"Health check OK","service":"acquisition-api","timestamp":"2026-08-19 09:54:19"}
{"level":"info","message":"::1 - - [19/Aug/2026:09:54:19 +0000] \"GET /health HTTP/1.1\" 200 29 \"-\" \"-\"","service":"acquisition-api","timestamp":"2026-08-19 09:54:19"}
{"level":"info","message":"Health check OK","service":"acquisition-api","timestamp":"2026-08-19 09:54:50"}
{"level":"info","message":"::1 - - [19/Aug/2026:09:54:50 +0000] \"GET /health HTTP/1.1\" 200 29 \"-\" \"-\"","service":"acquisition-api","timestamp":"2026-08-19 09:54:50"}
{"level":"info","message":"Health check OK","service":"acquisition-api","timestamp":"2026-08-19 09:55:21"}
{"level":"info","message":"::1 - - [19/Aug/2026:09:55:21 +0000] \"GET /health HTTP/1.1\" 200 29 \"-\" \"-\"","service":"acquisition-api","timestamp":"2026-08-19 09:55:21"}
{"level":"info","message":"Health check OK","service":"acquisition-api","timestamp":"2026-08-19 09:55:51"}
{"level":"info","message":"::1 - - [19/Aug/2026:09:55:51 +0000] \"GET /health HTTP/1.1\" 200 29 \"-\" \"-\"","service":"acquisition-api","timestamp":"2026-08-19 09:55:51"}
{"level":"info","message":"Health check OK","service":"acquisition-api","timestamp":"2026-08-19 09:56:22"}
{"level":"info","message":"::1 - - [19/Aug/2026:09:56:22 +0000] \"GET /health HTTP/1.1\" 200 29 \"-\" \"-\"","service":"acquisition-api","timestamp":"2026-08-19 09:56:22"}
{"level":"info","message":"Health check OK","service":"acquisition-api","timestamp":"2026-08-19 09:56:53"}
{"level":"info","message":"::1 - - [19/Aug/2026:09:56:53 +0000] \"GET /health HTTP/1.1\" 200 29 \"-\" \"-\"","service":"acquisition-api","timestamp":"2026-08-19 09:56:53"}
{"level":"info","message":"Health check OK","service":"acquisition-api","timestamp":"2026-08-19 09:57:23"}
{"level":"info","message":"::1 - - [19/Aug/2026:09:57:23 +0000] \"GET /health HTTP/1.1\" 200 29 \"-\" \"-\"","service":"acquisition-api","timestamp":"2026-08-19 09:57:23"}
{"level":"info","message":"Health check OK","service":"acquisition-api","timestamp":"2026-08-19 09:57:54"}
{"level":"info","message":"::1 - - [19/Aug/2026:09:57:54 +0000] \"GET /health HTTP/1.1\" 200 29 \"-\" \"-\"","service":"acquisition-api","timestamp":"2026-08-19 09:57:54"}
{"level":"info","message":"Health check OK","service":"acquisition-api","timestamp":"2026-08-19 09:58:25"}
{"level":"info","message":"::1 - - [19/Aug/2026:09:58:25 +0000] \"GET /health HTTP/1.1\" 200 29 \"-\" \"-\"","service":"acquisition-api","timestamp":"2026-08-19 09:58:25"}
{"level":"info","message":"Health check OK","service":"acquisition-api","timestamp":"2026-08-19 09:58:55"}
{"level":"info","message":"::1 - - [19/Aug/2026:09:58:55 +0000] \"GET /health HTTP/1.1\" 200 29 \"-\" \"-\"","service":"acquisition-api","timestamp":"2026-08-19 09:58:55"}
{"level":"info","message":"Health check OK","service":"acquisition-api","timestamp":"2026-08-19 09:59:26"}
{"level":"info","message":"::1 - - [19/Aug/2026:09:59:26 +0000] \"GET /health HTTP/1.1\" 200 29 \"-\" \"-\"","service":"acquisition-api","timestamp":"2026-08-19 09:59:26"}
{"level":"info","message":"Health check OK","service":"acquisition-api","timestamp":"2026-08-19 09:59:57"}
{"level":"info","message":"::1 - - [19/Aug/2026:09:59:57 +0000] \"GET /health HTTP/1.1\" 200 29 \"-\" \"-\"","service":"acquisition-api","timestamp":"2026-08-19 09:59:57"}
{"level":"info","message":"Health check OK","service":"acquisition-api","timestamp":"2026-08-19 10:00:27"}
{"level":"info","message":"::1 - - [19/Aug/2026:10:00:27 +0000] \"GET /health HTTP/1.1\" 200 29 \"-\" \"-\"","service":"acquisition-api","timestamp":"2026-08-19 10:00:27"}
{"level":"info","message":"Health check OK","service":"acquisition-api","timestamp":"2026-08-19 10:00:58"}
{"level":"info","message":"::1 - - [19/Aug/2026:10:00:58 +0000] \"GET /health HTTP/1.1\" 200 29 \"-\" \"-\"","service":"acquisition-api","timestamp":"2026-08-19 10:00:58"}
{"level":"info","message":"Health check OK","service":"acquisition-api","timestamp":"2026-08-19 10:01:29"}
{"level":"info","message":"::1 - - [19/Aug/2026:10:01:29 +0000] \"GET /health HTTP/1.1\" 200 29 \"-\" \"-\"","service":"acquisition-api","timestamp":"2026-08-19 10:01:29"}
{"level":"info","message":"Health check OK","service":"acquisition-api","timestamp":"2026-08-19 10:01:59"}
{"level":"info","message":"::1 - - [19/Aug/2026:10:01:59 +0000] \"GET /health HTTP/1.1\" 200 29 \"-\" \"-\"","service":"acquisition-api","timestamp":"2026-08-19 10:01:59"}
{"level":"info","message":"Health check OK","service":"acquisition-api","timestamp":"2026-08-19 10:02:30"}
{"level":"info","message":"::1 - - [19/Aug/2026:10:02:30 +0000] \"GET /health HTTP/1.1\" 200 29 \"-\" \"-\"","service":"acquisition-api","timestamp":"2026-08-19 10:02:30"}
{"level":"info","message":"Health check OK","service":"acquisition-api","timestamp":"2026-08-19 10:03:01"}
{"level":"info","message":"::1 - - [19/Aug/2026:10:03:01 +0000] \"GET /health HTTP/1.1\" 200 29 \"-\" \"-\"","service":"acquisition-api","timestamp":"2026-08-19 10:03:01"}
{"level":"info","message":"Health check OK","service":"acquisition-api","timestamp":"2026-08-19 10:03:31"}
{"level":"info","message":"::1 - - [19/Aug/2026:10:03:31 +0000] \"GET /health HTTP/1.1\" 200 29 \"-\" \"-\"","service":"acquisition-api","timestamp":"2026-08-19 10:03:31"}
{"level":"info","message":"Health check OK","service":"acquisition-api","timestamp":"2026-08-19 10:04:02"}
{"level":"info","message":"::1 - - [19/Aug/2026:10:04:02 +0000] \"GET /health HTTP/1.1\" 200 29 \"-\" \"-\"","service":"acquisition-api","timestamp":"2026-08-19 10:04:02"}
{"level":"info","message":"Health check OK","service":"acquisition-api","timestamp":"2026-08-19 10:04:32"}
{"level":"info","message":"::1 - - [19/Aug/2026:10:04:32 +0000] \"GET /health HTTP/1.1\" 200 29 \"-\" \"-\"","service":"acquisition-api","timestamp":"2026-08-19 10:04:32"}
{"level":"info","message":"Health check OK","service":"acquisition-api","timestamp":"2026-08-19 10:05:03"}
{"level":"info","message":"::1 - - [19/Aug/2026:10:05:03 +0000] \"GET /health HTTP/1.1\" 200 29 \"-\" \"-\"","service":"acquisition-api","timestamp":"2026-08-19 10:05:03"}
{"level":"info","message":"Health check OK","service":"acquisition-api","timestamp":"2026-08-19 10:05:34"}
{"level":"info","message":"::1 - - [19/Aug/2026:10:05:34 +0000] \"GET /health HTTP/1.1\" 200 29 \"-\" \"-\"","service":"acquisition-api","timestamp":"2026-08-19 10:05:34"}
{"level":"info","message":"Health check OK","service":"acquisition-api","timestamp":"2026-08-19 10:06:04"}
{"level":"info","message":"::1 - - [19/Aug/2026:10:06:04 +0000] \"GET /health HTTP/1.1\" 200 29 \"-\" \"-\"","service":"acquisition-api","timestamp":"2026-08-19 10:06:04"}
{"level":"info","message":"Health check OK","service":"acquisition-api","timestamp":"2026-08-19 10:06:35"}
{"level":"info","message":"::1 - - [19/Aug/2026:10:06:35 +0000] \"GET /health HTTP/1.1\" 200 29 \"-\" \"-\"","service":"acquisition-api","timestamp":"2026-08-19 10:06:35"}
{"level":"info","message":"Health check OK","service":"acquisition-api","timestamp":"2026-08-19 10:07:06"}
{"level":"info","message":"::1 - - [19/Aug/2026:10:07:06 +0000] \"GET /health HTTP/1.1\" 200 29 \"-\" \"-\"","service":"acquisition-api","timestamp":"2026-08-19 10:07:06"}
{"level":"info","message":"Health check OK","service":"acquisition-api","timestamp":"2026-08-19 10:07:36"}
{"level":"info","message":"::1 - - [19/Aug/2026:10:07:36 +0000] \"GET /health HTTP/1.1\" 200 29 \"-\" \"-\"","service":"acquisition-api","timestamp":"2026-08-19 10:07:36"}
{"level":"info","message":"Health check OK","service":"acquisition-api","timestamp":"2026-08-19 10:08:07"}
{"level":"info","message":"::1 - - [19/Aug/2026:10:08:07 +0000] \"GET /health HTTP/1.1\" 200 29 \"-\" \"-\"","service":"acquisition-api","timestamp":"2026-08-19 10:08:07"}
{"level":"info","message":"Health check OK","service":"acquisition-api","timestamp":"2026-08-19 10:08:38"}
{"level":"info","message":"::1 - - [19/Aug/2026:10:08:38 +0000] \"GET /health HTTP/1.1\" 200 29 \"-\" \"-\"","service":"acquisition-api","timestamp":"2026-08-19 10:08:38"}
{"level":"info","message":"Health check OK","service":"acquisition-api","timestamp":"2026-08-19 10:09:09"}
{"level":"info","message":"::1 - - [19/Aug/2026:10:09:09 +0000] \"GET /health HTTP/1.1\" 200 29 \"-\" \"-\"","service":"acquisition-api","timestamp":"2026-08-19 10:09:09"}
{"level":"info","message":"Health check OK","service":"acquisition-api","timestamp":"2026-08-19 10:09:40"}
{"level":"info","message":"::1 - - [19/Aug/2026:10:09:40 +0000] \"GET /health HTTP/1.1\" 200 29 \"-\" \"-\"","service":"acquisition-api","timestamp":"2026-08-19 10:09:40"}
{"level":"info","message":"Health check OK","service":"acquisition-api","timestamp":"2026-08-19 10:10:10"}
{"level":"info","message":"::1 - - [19/Aug/2026:10:10:10 +0000] \"GET /health HTTP/1.1\" 200 29 \"-\" \"-\"","service":"acquisition-api","timestamp":"2026-08-19 10:10:10"}
{"level":"info","message":"Health check OK","service":"acquisition-api","timestamp":"2026-08-19 10:10:41"}
{"level":"info","message":"::1 - - [19/Aug/2026:10:10:41 +0000] \"GET /health HTTP/1.1\" 200 29 \"-\" \"-\"","service":"acquisition-api","timestamp":"2026-08-19 10:10:41"}
{"level":"info","message":"Health check OK","service":"acquisition-api","timestamp":"2026-08-19 10:11:12"}
{"level":"info","message":"::1 - - [19/Aug/2026:10:11:12 +0000] \"GET /health HTTP/1.1\" 200 29 \"-\" \"-\"","service":"acquisition-api","timestamp":"2026-08-19 10:11:12"}
{"level":"info","message":"Health check OK","service":"acquisition-api","timestamp":"2026-08-19 10:11:43"}
{"level":"info","message":"::1 - - [19/Aug/2026:10:11:43 +0000] \"GET /health HTTP/1.1\" 200 29 \"-\" \"-\"","service":"acquisition-api","timestamp":"2026-08-19 10:11:43"}
{"level":"info","message":"Health check OK","service":"acquisition-api","timestamp":"2026-08-19 10:12:13"}
{"level":"info","message":"::1 - - [19/Aug/2026:10:12:13 +0000] \"GET /health HTTP/1.1\" 200 29 \"-\" \"-\"","service":"acquisition-api","timestamp":"2026-08-19 10:12:13"}
{"level":"info","message":"Health check OK","service":"acquisition-api","timestamp":"2026-08-19 10:12:44"}
{"level":"info","message":"::1 - - [19/Aug/2026:10:12:44 +0000] \"GET /health HTTP/1.1\" 200 29 \"-\" \"-\"","service":"acquisition-api","timestamp":"2026-08-19 10:12:44"}
{"level":"info","message":"Health check OK","service":"acquisition-api","timestamp":"2026-08-19 10:13:15"}
{"level":"info","message":"::1 - - [19/Aug/2026:10:13:15 +0000] \"GET /health HTTP/1.1\" 200 29 \"-\" \"-\"","service":"acquisition-api","timestamp":"2026-08-19 10:13:15"}
{"level":"info","message":"Health check OK","service":"acquisition-api","timestamp":"2026-08-19 10:13:45"}
{"level":"info","message":"::1 - - [19/Aug/2026:10:13:45 +0000] \"GET /health HTTP/1.1\" 200 29 \"-\" \"-\"","service":"acquisition-api","timestamp":"2026-08-19 10:13:45"}
{"level":"info","message":"Health check OK","service":"acquisition-api","timestamp":"2026-08-19 10:14:16"}
{"level":"info","message":"::1 - - [19/Aug/2026:10:14:16 +0000] \"GET /health HTTP/1.1\" 200 29 \"-\" \"-\"","service":"acquisition-api","timestamp":"2026-08-19 10:14:16"}
{"level":"info","message":"Health check OK","service":"acquisition-api","timestamp":"2026-08-19 10:14:46"}
{"level":"info","message":"::1 - - [19/Aug/2026:10:14:46 +0000] \"GET /health HTTP/1.1\" 200 29 \"-\" \"-\"","service":"acquisition-api","timestamp":"2026-08-19 10:14:46"}
{"level":"info","message":"Health check OK","service":"acquisition-api","timestamp":"2026-08-19 10:15:17"}
{"level":"info","message":"::1 - - [19/Aug/2026:10:15:17 +0000] \"GET /health HTTP/1.1\" 200 29 \"-\" \"-\"","service":"acquisition-api","timestamp":"2026-08-19 10:15:17"}
{"level":"info","message":"Health check OK","service":"acquisition-api","timestamp":"2026-08-19 10:15:47"}
{"level":"info","message":"::1 - - [19/Aug/2026:10:15:47 +0000] \"GET /health HTTP/1.1\" 200 29 \"-\" \"-\"","service":"acquisition-api","timestamp":"2026-08-19 10:15:47"}
{"level":"info","message":"Health check OK","service":"acquisition-api","timestamp":"2026-08-19 10:16:18"}
{"level":"info","message":"::1 - - [19/Aug/2026:10:16:18 +0000] \"GET /health HTTP/1.1\" 200 29 \"-\" \"-\"","service":"acquisition-api","timestamp":"2026-08-19 10:16:18"}
{"level":"info","message":"Health check OK","service":"acquisition-api","timestamp":"2026-08-19 10:16:48"}
{"level":"info","message":"::1 - - [19/Aug/2026:10:16:48 +0000] \"GET /health HTTP/1.1\" 200 29 \"-\" \"-\"","service":"acquisition-api","timestamp":"2026-08-19 10:16:48"}
{"level":"info","message":"Health check OK","service":"acquisition-api","timestamp":"2026-08-19 10:17:19"}
{"level":"info","message":"::1 - - [19/Aug/2026:10:17:19 +0000] \"GET /health HTTP/1.1\" 200 29 \"-\" \"-\"","service":"acquisition-api","timestamp":"2026-08-19 10:17:19"}
{"level":"info","message":"Health check OK","service":"acquisition-api","timestamp":"2026-08-19 10:17:50"}
{"level":"info","message":"::1 - - [19/Aug/2026:10:17:50 +0000] \"GET /health HTTP/1.1\" 200 29 \"-\" \"-\"","service":"acquisition-api","timestamp":"2026-08-19 10:17:50"}
{"level":"info","message":"Health check OK","service":"acquisition-api","timestamp":"2026-08-19 10:18:21"}
{"level":"info","message":"::1 - - [19/Aug/2026:10:18:21 +0000] \"GET /health HTTP/1.1\" 200 29 \"-\" \"-\"","service":"acquisition-api","timestamp":"2026-08-19 10:18:21"}
{"level":"info","message":"Health check OK","service":"acquisition-api","timestamp":"2026-08-19 10:18:51"}
{"level":"info","message":"::1 - - [19/Aug/2026:10:18:51 +0000] \"GET /health HTTP/1.1\" 200 29 \"-\" \"-\"","service":"acquisition-api","timestamp":"2026-08-19 10:18:51"}
{"level":"info","message":"Health check OK","service":"acquisition-api","timestamp":"2026-08-19 10:19:22"}
{"level":"info","message":"::1 - - [19/Aug/2026:10:19:22 +0000] \"GET /health HTTP/1.1\" 200 29 \"-\" \"-\"","service":"acquisition-api","timestamp":"2026-08-19 10:19:22"}
{"level":"info","message":"Health check OK","service":"acquisition-api","timestamp":"2026-08-19 10:19:53"}
{"level":"info","message":"::1 - - [19/Aug/2026:10:19:53 +0000] \"GET /health HTTP/1.1\" 200 29 \"-\" \"-\"","service":"acquisition-api","timestamp":"2026-08-19 10:19:53"}
{"level":"info","message":"Health check OK","service":"acquisition-api","timestamp":"2026-08-19 10:20:23"}
{"level":"info","message":"::1 - - [19/Aug/2026:10:20:23 +0000] \"GET /health HTTP/1.1\" 200 29 \"-\" \"-\"","service":"acquisition-api","timestamp":"2026-08-19 10:20:23"}
{"level":"info","message":"Health check OK","service":"acquisition-api","timestamp":"2026-08-19 10:20:54"}
{"level":"info","message":"::1 - - [19/Aug/2026:10:20:54 +0000] \"GET /health HTTP/1.1\" 200 29 \"-\" \"-\"","service":"acquisition-api","timestamp":"2026-08-19 10:20:54"}
{"level":"info","message":"Health check OK","service":"acquisition-api","timestamp":"2026-08-19 10:21:24"}
{"level":"info","message":"::1 - - [19/Aug/2026:10:21:24 +0000] \"GET /health HTTP/1.1\" 200 29 \"-\" \"-\"","service":"acquisition-api","timestamp":"2026-08-19 10:21:24"}
{"level":"info","message":"Health check OK","service":"acquisition-api","timestamp":"2026-08-19 10:21:55"}
{"level":"info","message":"::1 - - [19/Aug/2026:10:21:55 +0000] \"GET /health HTTP/1.1\" 200 29 \"-\" \"-\"","service":"acquisition-api","timestamp":"2026-08-19 10:21:55"}
{"level":"info","message":"Health check OK","service":"acquisition-api","timestamp":"2026-08-19 10:22:26"}
{"level":"info","message":"::1 - - [19/Aug/2026:10:22:26 +0000] \"GET /health HTTP/1.1\" 200 29 \"-\" \"-\"","service":"acquisition-api","timestamp":"2026-08-19 10:22:26"}
{"level":"info","message":"User two@gmail.com signed up successfully","service":"acquisition-api","timestamp":"2026-08-19 10:22:33"}
{"level":"info","message":"::ffff:172.18.0.1 - - [19/Aug/2026:10:22:33 +0000] \"POST /api/auth/signup HTTP/1.1\" 201 147 \"-\" \"PostmanRuntime/2.3.0\"","service":"acquisition-api","timestamp":"2026-08-19 10:22:33"}
{"level":"info","message":"Health check OK","service":"acquisition-api","timestamp":"2026-08-19 10:22:57"}
{"level":"info","message":"::1 - - [19/Aug/2026:10:22:57 +0000] \"GET /health HTTP/1.1\" 200 29 \"-\" \"-\"","service":"acquisition-api","timestamp":"2026-08-19 10:22:57"}
{"level":"info","message":"::ffff:172.18.0.1 - - [19/Aug/2026:10:23:07 +0000] \"POST /api/auth/login HTTP/1.1\" 400 92 \"-\" \"PostmanRuntime/2.3.0\"","service":"acquisition-api","timestamp":"2026-08-19 10:23:07"}
{"level":"info","message":"Health check OK","service":"acquisition-api","timestamp":"2026-08-19 10:23:27"}
{"level":"info","message":"::1 - - [19/Aug/2026:10:23:27 +0000] \"GET /health HTTP/1.1\" 200 29 \"-\" \"-\"","service":"acquisition-api","timestamp":"2026-08-19 10:23:27"}
{"level":"info","message":"Health check OK","service":"acquisition-api","timestamp":"2026-08-19 10:23:58"}
{"level":"info","message":"::1 - - [19/Aug/2026:10:23:58 +0000] \"GET /health HTTP/1.1\" 200 29 \"-\" \"-\"","service":"acquisition-api","timestamp":"2026-08-19 10:23:58"}
{"level":"info","message":"Health check OK","service":"acquisition-api","timestamp":"2026-08-19 10:24:29"}
{"level":"info","message":"::1 - - [19/Aug/2026:10:24:29 +0000] \"GET /health HTTP/1.1\" 200 29 \"-\" \"-\"","service":"acquisition-api","timestamp":"2026-08-19 10:24:29"}
{"level":"info","message":"Health check OK","service":"acquisition-api","timestamp":"2026-08-19 10:24:59"}
{"level":"info","message":"::1 - - [19/Aug/2026:10:24:59 +0000] \"GET /health HTTP/1.1\" 200 29 \"-\" \"-\"","service":"acquisition-api","timestamp":"2026-08-19 10:24:59"}
{"level":"info","message":"Health check OK","service":"acquisition-api","timestamp":"2026-08-19 10:25:30"}
{"level":"info","message":"::1 - - [19/Aug/2026:10:25:30 +0000] \"GET /health HTTP/1.1\" 200 29 \"-\" \"-\"","service":"acquisition-api","timestamp":"2026-08-19 10:25:30"}
{"level":"info","message":"Health check OK","service":"acquisition-api","timestamp":"2026-08-19 10:26:01"}
{"level":"info","message":"::1 - - [19/Aug/2026:10:26:01 +0000] \"GET /health HTTP/1.1\" 200 29 \"-\" \"-\"","service":"acquisition-api","timestamp":"2026-08-19 10:26:01"}
{"level":"info","message":"Health check OK","service":"acquisition-api","timestamp":"2026-08-19 10:26:31"}
{"level":"info","message":"::1 - - [19/Aug/2026:10:26:31 +0000] \"GET /health HTTP/1.1\" 200 29 \"-\" \"-\"","service":"acquisition-api","timestamp":"2026-08-19 10:26:31"}
{"level":"info","message":"Health check OK","service":"acquisition-api","timestamp":"2026-08-19 10:27:02"}
{"level":"info","message":"::1 - - [19/Aug/2026:10:27:02 +0000] \"GET /health HTTP/1.1\" 200 29 \"-\" \"-\"","service":"acquisition-api","timestamp":"2026-08-19 10:27:02"}
{"level":"info","message":"User one@gmail.com logged in successfully","service":"acquisition-api","timestamp":"2026-08-19 10:27:20"}
{"level":"info","message":"::ffff:172.18.0.1 - - [19/Aug/2026:10:27:20 +0000] \"POST /api/auth/login HTTP/1.1\" 200 143 \"-\" \"PostmanRuntime/2.3.0\"","service":"acquisition-api","timestamp":"2026-08-19 10:27:20"}
{"level":"info","message":"Health check OK","service":"acquisition-api","timestamp":"2026-08-19 10:27:33"}
{"level":"info","message":"::1 - - [19/Aug/2026:10:27:33 +0000] \"GET /health HTTP/1.1\" 200 29 \"-\" \"-\"","service":"acquisition-api","timestamp":"2026-08-19 10:27:33"}
{"level":"info","message":"Health check OK","service":"acquisition-api","timestamp":"2026-08-19 10:28:03"}
{"level":"info","message":"::1 - - [19/Aug/2026:10:28:03 +0000] \"GET /health HTTP/1.1\" 200 29 \"-\" \"-\"","service":"acquisition-api","timestamp":"2026-08-19 10:28:03"}
{"level":"info","message":"User three@gmail.com signed up successfully","service":"acquisition-api","timestamp":"2026-08-19 10:28:09"}
{"level":"info","message":"::ffff:172.18.0.1 - - [19/Aug/2026:10:28:09 +0000] \"POST /api/auth/signup HTTP/1.1\" 201 150 \"-\" \"PostmanRuntime/2.3.0\"","service":"acquisition-api","timestamp":"2026-08-19 10:28:09"}
{"level":"info","message":"Health check OK","service":"acquisition-api","timestamp":"2026-08-19 10:28:34"}
{"level":"info","message":"::1 - - [19/Aug/2026:10:28:34 +0000] \"GET /health HTTP/1.1\" 200 29 \"-\" \"-\"","service":"acquisition-api","timestamp":"2026-08-19 10:28:34"}
{"level":"info","message":"::ffff:172.18.0.1 - - [19/Aug/2026:10:28:55 +0000] \"POST /api/auth/signup HTTP/1.1\" 400 33 \"-\" \"PostmanRuntime/2.3.0\"","service":"acquisition-api","timestamp":"2026-08-19 10:28:55"}
{"level":"info","message":"Health check OK","service":"acquisition-api","timestamp":"2026-08-19 10:29:05"}
{"level":"info","message":"::1 - - [19/Aug/2026:10:29:05 +0000] \"GET /health HTTP/1.1\" 200 29 \"-\" \"-\"","service":"acquisition-api","timestamp":"2026-08-19 10:29:05"}
{"level":"info","message":"Health check OK","service":"acquisition-api","timestamp":"2026-08-19 10:29:35"}
{"level":"info","message":"::1 - - [19/Aug/2026:10:29:35 +0000] \"GET /health HTTP/1.1\" 200 29 \"-\" \"-\"","service":"acquisition-api","timestamp":"2026-08-19 10:29:35"}
{"level":"info","message":"::ffff:172.18.0.1 - - [19/Aug/2026:10:29:48 +0000] \"POST /api/auth/signup HTTP/1.1\" 400 33 \"-\" \"PostmanRuntime/2.3.0\"","service":"acquisition-api","timestamp":"2026-08-19 10:29:48"}
{"level":"info","message":"User four@gmail.com signed up successfully","service":"acquisition-api","timestamp":"2026-08-19 10:30:02"}
{"level":"info","message":"::ffff:172.18.0.1 - - [19/Aug/2026:10:30:02 +0000] \"POST /api/auth/signup HTTP/1.1\" 201 148 \"-\" \"PostmanRuntime/2.3.0\"","service":"acquisition-api","timestamp":"2026-08-19 10:30:02"}
{"level":"info","message":"Health check OK","service":"acquisition-api","timestamp":"2026-08-19 10:30:06"}
{"level":"info","message":"::1 - - [19/Aug/2026:10:30:06 +0000] \"GET /health HTTP/1.1\" 200 29 \"-\" \"-\"","service":"acquisition-api","timestamp":"2026-08-19 10:30:06"}
{"level":"info","message":"Health check OK","service":"acquisition-api","timestamp":"2026-08-19 10:30:36"}
{"level":"info","message":"::1 - - [19/Aug/2026:10:30:36 +0000] \"GET /health HTTP/1.1\" 200 29 \"-\" \"-\"","service":"acquisition-api","timestamp":"2026-08-19 10:30:36"}
{"level":"info","message":"Health check OK","service":"acquisition-api","timestamp":"2026-08-19 10:31:07"}
{"level":"info","message":"::1 - - [19/Aug/2026:10:31:07 +0000] \"GET /health HTTP/1.1\" 200 29 \"-\" \"-\"","service":"acquisition-api","timestamp":"2026-08-19 10:31:07"}
{"level":"info","message":"Health check OK","service":"acquisition-api","timestamp":"2026-08-19 10:31:38"}
{"level":"info","message":"::1 - - [19/Aug/2026:10:31:38 +0000] \"GET /health HTTP/1.1\" 200 29 \"-\" \"-\"","service":"acquisition-api","timestamp":"2026-08-19 10:31:38"}
{"level":"info","message":"Health check OK","service":"acquisition-api","timestamp":"2026-08-19 10:32:08"}
{"level":"info","message":"::1 - - [19/Aug/2026:10:32:08 +0000] \"GET /health HTTP/1.1\" 200 29 \"-\" \"-\"","service":"acquisition-api","timestamp":"2026-08-19 10:32:08"}
{"level":"info","message":"Health check OK","service":"acquisition-api","timestamp":"2026-08-19 10:32:39"}
{"level":"info","message":"::1 - - [19/Aug/2026:10:32:39 +0000] \"GET /health HTTP/1.1\" 200 29 \"-\" \"-\"","service":"acquisition-api","timestamp":"2026-08-19 10:32:39"}
{"level":"info","message":"Health check OK","service":"acquisition-api","timestamp":"2026-08-19 10:33:10"}
{"level":"info","message":"::1 - - [19/Aug/2026:10:33:10 +0000] \"GET /health HTTP/1.1\" 200 29 \"-\" \"-\"","service":"acquisition-api","timestamp":"2026-08-19 10:33:10"}
{"level":"info","message":"Health check OK","service":"acquisition-api","timestamp":"2026-08-19 10:33:40"}
{"level":"info","message":"::1 - - [19/Aug/2026:10:33:41 +0000] \"GET /health HTTP/1.1\" 200 29 \"-\" \"-\"","service":"acquisition-api","timestamp":"2026-08-19 10:33:41"}
{"level":"info","message":"Health check OK","service":"acquisition-api","timestamp":"2026-08-19 10:34:11"}
{"level":"info","message":"::1 - - [19/Aug/2026:10:34:11 +0000] \"GET /health HTTP/1.1\" 200 29 \"-\" \"-\"","service":"acquisition-api","timestamp":"2026-08-19 10:34:11"}
{"level":"info","message":"Health check OK","service":"acquisition-api","timestamp":"2026-08-19 10:34:42"}
{"level":"info","message":"::1 - - [19/Aug/2026:10:34:42 +0000] \"GET /health HTTP/1.1\" 200 29 \"-\" \"-\"","service":"acquisition-api","timestamp":"2026-08-19 10:34:42"}
{"level":"info","message":"Health check OK","service":"acquisition-api","timestamp":"2026-08-19 10:35:13"}
{"level":"info","message":"::1 - - [19/Aug/2026:10:35:13 +0000] \"GET /health HTTP/1.1\" 200 29 \"-\" \"-\"","service":"acquisition-api","timestamp":"2026-08-19 10:35:13"}
{"level":"info","message":"Health check OK","service":"acquisition-api","timestamp":"2026-08-19 10:35:44"}
{"level":"info","message":"::1 - - [19/Aug/2026:10:35:44 +0000] \"GET /health HTTP/1.1\" 200 29 \"-\" \"-\"","service":"acquisition-api","timestamp":"2026-08-19 10:35:44"}
{"level":"info","message":"Health check OK","service":"acquisition-api","timestamp":"2026-08-19 10:36:14"}
{"level":"info","message":"::1 - - [19/Aug/2026:10:36:14 +0000] \"GET /health HTTP/1.1\" 200 29 \"-\" \"-\"","service":"acquisition-api","timestamp":"2026-08-19 10:36:14"}
{"level":"info","message":"Health check OK","service":"acquisition-api","timestamp":"2026-08-19 10:36:45"}
{"level":"info","message":"::1 - - [19/Aug/2026:10:36:45 +0000] \"GET /health HTTP/1.1\" 200 29 \"-\" \"-\"","service":"acquisition-api","timestamp":"2026-08-19 10:36:45"}
{"level":"info","message":"Health check OK","service":"acquisition-api","timestamp":"2026-08-19 10:37:15"}
{"level":"info","message":"::1 - - [19/Aug/2026:10:37:15 +0000] \"GET /health HTTP/1.1\" 200 29 \"-\" \"-\"","service":"acquisition-api","timestamp":"2026-08-19 10:37:15"}
{"level":"info","message":"Health check OK","service":"acquisition-api","timestamp":"2026-08-19 10:37:46"}
{"level":"info","message":"::1 - - [19/Aug/2026:10:37:46 +0000] \"GET /health HTTP/1.1\" 200 29 \"-\" \"-\"","service":"acquisition-api","timestamp":"2026-08-19 10:37:46"}
{"level":"info","message":"Health check OK","service":"acquisition-api","timestamp":"2026-08-19 10:38:16"}
{"level":"info","message":"::1 - - [19/Aug/2026:10:38:16 +0000] \"GET /health HTTP/1.1\" 200 29 \"-\" \"-\"","service":"acquisition-api","timestamp":"2026-08-19 10:38:16"}
{"level":"info","message":"Health check OK","service":"acquisition-api","timestamp":"2026-08-19 10:38:47"}
{"level":"info","message":"::1 - - [19/Aug/2026:10:38:47 +0000] \"GET /health HTTP/1.1\" 200 29 \"-\" \"-\"","service":"acquisition-api","timestamp":"2026-08-19 10:38:47"}
{"level":"info","message":"Health check OK","service":"acquisition-api","timestamp":"2026-08-19 10:39:18"}
{"level":"info","message":"::1 - - [19/Aug/2026:10:39:18 +0000] \"GET /health HTTP/1.1\" 200 29 \"-\" \"-\"","service":"acquisition-api","timestamp":"2026-08-19 10:39:18"}
